<html>
<body>
<pre>
<h1>µVision Build Log</h1>
<h2>Project:</h2>
C:\Users\Kévin\Documents\Etudes\INSA\5SEC-RDS_2016-2017\Projet_SEC\GIT\curtisteamgit\Code\Projects_STM32\Demo_Sprint2\MDK-ARM\Demo_Sprint2.uvproj
Project File Date:  11/28/2016

<h2>Output:</h2>
Build target 'NUCLEO-F103RB'
compiling motor.c...
linking...
Program Size: Code=15004 RO-data=268 RW-data=128 ZI-data=2288  
".\Release\project.axf" - 0 Error(s), 0 Warning(s).
</pre>
</body>
</html>
uments\\Etudes\\INSA\\5SEC-RDS_2016-2017\\Projet_SEC\\GIT\\curtisteamgit\\Code\\Projects_STM32\\Demo_Sprint2\\MDK-ARM\\Release\\project.axf" 
Erase Done.
Programming Done.
Verify OK.
Application running ...
Load "C:\\Users\\Kévin\\Documents\\Etudes\\INSA\\5SEC-RDS_2016-2017\\Projet_SEC\\GIT\\curtisteamgit\\Code\\Projects_STM32\\Demo_Sprint2\\MDK-ARM\\Release\\project.axf" 
Erase Done.
Programming Done.
Verify OK.
Application running ...
Load "C:\\Users\\Kévin\\Documents\\Etudes\\INSA\\5SEC-RDS_2016-2017\\Projet_SEC\\GIT\\curtisteamgit\\Code\\Projects_STM32\\Demo_Sprint2\\MDK-ARM\\Release\\project.axf" 
Erase Done.
Programming Done.
Verify OK.
Application running ...
