<html>
<body>
<pre>
<h1>µVision Build Log</h1>
<h2>Project:</h2>
C:\Users\Kévin\Documents\Etudes\INSA\5SEC-RDS_2016-2017\Projet_SEC\GIT\curtisteamgit\Code\Projects_STM32\Project_Speed_Sensor\MDK-ARM\Project_Speed_Sensor.uvproj
Project File Date:  11/28/2016

<h2>Output:</h2>
Build target 'NUCLEO-F103RB'
compiling main.c...
compiling speed_sensor.c...
compiling position_sensor.c...
compiling hall_sensor.c...
compiling callbacks_services.c...
linking...
Program Size: Code=7168 RO-data=268 RW-data=96 ZI-data=1736  
".\Release\project.axf" - 0 Error(s), 0 Warning(s).
Load "C:\\Users\\Kévin\\Documents\\Etudes\\INSA\\5SEC-RDS_2016-2017\\Projet_SEC\\GIT\\curtisteamgit\\Code\\Projects_STM32\\Project_Speed_Sensor\\MDK-ARM\\Release\\project.axf" 
Erase Done.
Programming Done.
Verify OK.
Application running ...
</pre>
</body>
</html>
data=1736  
".\Release\project.axf" - 0 Error(s), 0 Warning(s).
Load "C:\\Users\\Kévin\\Documents\\Etudes\\INSA\\5SEC-RDS_2016-2017\\Projet_SEC\\GIT\\curtisteamgit\\Code\\Projects_STM32\\Project_Speed_Sensor\\MDK-ARM\\Release\\project.axf" 
Erase Done.
Programming Done.
Verify OK.
Application running ...
elease\project.axf" - 2 Error(s), 0 Warning(s).
Target not created
