<html>
<body>
<pre>
<h1>µVision Build Log</h1>
<h2>Project:</h2>
C:\Users\Clément\Documents\Cours\ProjetCurtis\curtisteamgit\Code\Projects_STM32\Project_Speed_Sensor++\MDK-ARM\Project_Speed_Sensor.uvproj
Project File Date:  12/01/2016

<h2>Output:</h2>
Build target 'NUCLEO-F103RB'
compiling compress.c...
linking...
Program Size: Code=8880 RO-data=268 RW-data=88 ZI-data=1712  
".\Release\project.axf" - 0 Error(s), 0 Warning(s).
</pre>
</body>
</html>
ments\\Cours\\ProjetCurtis\\curtisteamgit\\Code\\Projects_STM32\\Project_Speed_Sensor++\\MDK-ARM\\Release\\project.axf" 
Error: Flash Download failed  -  Target DLL has been cancelled
piling uncompress.c...
compiling stm32f10x_it.c...
compiling gpio.c...
compiling systick.c...
compiling exti.c...
linking...
Program Size: Code=7144 RO-data=268 RW-data=88 ZI-data=1712  
".\Release\project.axf" - 0 Error(s), 1 Warning(s).
oject.axf" - 0 Error(s), 0 Warning(s).
