<html>
<body>
<pre>
<h1>µVision Build Log</h1>
<h2>Project:</h2>
C:\Users\Clément\Documents\Cours\ProjetCurtis\curtisteamgit\Code\Projects_STM32\Project_Speed_Sensor\MDK-ARM\Project_Speed_Sensor.uvproj
Project File Date:  11/24/2016

<h2>Output:</h2>
Build target 'NUCLEO-F103RB'
compiling main.c...
compiling speed_sensor.c...
linking...
Program Size: Code=7088 RO-data=268 RW-data=112 ZI-data=1712  
".\Release\project.axf" - 0 Error(s), 0 Warning(s).
Load "C:\\Users\\Clément\\Documents\\Cours\\ProjetCurtis\\curtisteamgit\\Code\\Projects_STM32\\Project_Speed_Sensor\\MDK-ARM\\Release\\project.axf" 
Erase Done.
Programming Done.
Verify OK.
Application running ...
=112 ZI-data=1712  
".\Release\project.axf" - 0 Error(s), 2 Warning(s).
Load "C:\\Users\\Clément\\Documents\\Cours\\ProjetCurtis\\curtisteamgit\\Code\\Projects_STM32\\Project_Speed_Sensor\\MDK-ARM\\Release\\project.axf" 
Erase Done.
Programming Done.
Verify OK.
Application running ...
Release\\project.axf" 
Erase Done.
Programming Done.
Verify OK.
Application running ...
 OK.
Application running ...
Load "C:\\Users\\Clément\\Documents\\Cours\\ProjetCurtis\\curtisteamgit\\Code\\Projects_STM32\\Project_Speed_Sensor\\MDK-ARM\\Release\\project.axf" 
Erase Done.
Programming Done.
Verify OK.
Application running ...
