<html>
<body>
<pre>
<h1>µVision Build Log</h1>
<h2>Project:</h2>
C:\Users\Clément\Documents\Cours\ProjetCurtis\curtisteamgit\Code\Projects_STM32\Project_Speed_Sensor\MDK-ARM\Project_Speed_Sensor.uvproj
Project File Date:  11/24/2016

<h2>Output:</h2>
Build target 'NUCLEO-F103RB'
compiling main.c...
compiling hall_sensor.c...
compiling callbacks_services.c...
linking...
Program Size: Code=4548 RO-data=268 RW-data=72 ZI-data=3672  
".\Release\project.axf" - 0 Error(s), 0 Warning(s).
.\Release\project.axf" - 0 Error(s), 0 Warning(s).
