<html>
<body>
<pre>
<h1>µVision Build Log</h1>
<h2>Project:</h2>
C:\Users\Clément\Documents\Cours\ProjetCurtis\curtisteamgit\Code\Projects_STM32\Project_Speed_Sensor\MDK-ARM\Project_Speed_Sensor.uvproj
Project File Date:  11/19/2016

<h2>Output:</h2>
Build target 'NUCLEO-F103RB'
compiling main.c...
linking...
Program Size: Code=3500 RO-data=268 RW-data=40 ZI-data=1632  
".\Release\project.axf" - 0 Error(s), 0 Warning(s).
</pre>
</body>
</html>
pplication\main.c: 0 warnings, 1 error
".\Release\project.axf" - 1 Error(s), 0 Warning(s).
Target not created
eger with zero
                                if ((SubPriority >= SUB_PRIORITY_MIN) && (SubPriority <= SUB_PRIORITY_MAX)) {
..\Application\main.c: 2 warnings, 0 errors
linking...
Program Size: Code=3520 RO-data=268 RW-data=40 ZI-data=1632  
".\Release\project.axf" - 0 Error(s), 2 Warning(s).
