<html>
<body>
<pre>
<h1>µVision Build Log</h1>
<h2>Project:</h2>
C:\Users\Clément\Documents\Cours\ProjetCurtis\curtisteamgit\Code\Projects_STM32\Project_Speed_Sensor\MDK-ARM\Project_Speed_Sensor.uvproj
Project File Date:  12/06/2016

<h2>Output:</h2>
Build target 'NUCLEO-F103RB'
compiling hall_sensor.c...
linking...
Program Size: Code=8060 RO-data=268 RW-data=136 ZI-data=2208  
".\Release\project.axf" - 0 Error(s), 0 Warning(s).
 RW-data=136 ZI-data=2208  
".\Release\project.axf" - 0 Error(s), 0 Warning(s).
Load "C:\\Users\\Clément\\Documents\\Cours\\ProjetCurtis\\curtisteamgit\\Code\\Projects_STM32\\Project_Speed_Sensor\\MDK-ARM\\Release\\project.axf" 
Erase Done.
Programming Done.
Verify OK.
Application running ...
re_cm3.c...
compiling system_stm32f10x.c...
linking...
Program Size: Code=8052 RO-data=268 RW-data=136 ZI-data=2208  
".\Release\project.axf" - 0 Error(s), 0 Warning(s).
Load "C:\\Users\\Clément\\Documents\\Cours\\ProjetCurtis\\curtisteamgit\\Code\\Projects_STM32\\Project_Speed_Sensor\\MDK-ARM\\Release\\project.axf" 
Erase Done.
Programming Done.
Verify OK.
Application running ...
