ARM Linker, 5.03 [Build 76] [MDK-ARM Lite]

==============================================================================

Section Cross References

    main.o(.text) refers to compress.o(.text) for compress_speed
    main.o(.text) refers to uncompress.o(.text) for uncompress_speed
    main.o(.text) refers to position_sensor.o(.text) for position_sensor_init
    main.o(.text) refers to speed_sensor.o(.text) for speed_sensor_init
    main.o(.text) refers to systick.o(.text) for systick_init
    main.o(.text) refers to car.o(.text) for car_direction_set
    main.o(.text) refers to hall_sensor.o(.text) for hall_sensor_start
    main.o(.text) refers to main.o(.data) for .data
    speed_sensor.o(.text) refers to hall_sensor.o(.text) for hall_sensor_get_number_ticks_in_period
    speed_sensor.o(.text) refers to fflt_clz.o(x$fpl$fflt) for __aeabi_i2f
    speed_sensor.o(.text) refers to fmul.o(x$fpl$fmul) for __aeabi_fmul
    speed_sensor.o(.text) refers to fdiv.o(x$fpl$fdiv) for __aeabi_fdiv
    speed_sensor.o(.text) refers to systick.o(.text) for micros
    speed_sensor.o(.text) refers to ffltll_clz.o(x$fpl$ffltll) for __aeabi_ul2f
    speed_sensor.o(.text) refers to fflt_clz.o(x$fpl$ffltu) for __aeabi_ui2f
    speed_sensor.o(.text) refers to speed_sensor.o(.data) for .data
    position_sensor.o(.text) refers to hall_sensor.o(.text) for hall_sensor_get_lap
    position_sensor.o(.text) refers to fflt_clz.o(x$fpl$fflt) for __aeabi_i2f
    position_sensor.o(.text) refers to fflt_clz.o(x$fpl$ffltu) for __aeabi_ui2f
    position_sensor.o(.text) refers to fdiv.o(x$fpl$fdiv) for __aeabi_fdiv
    position_sensor.o(.text) refers to faddsub_clz.o(x$fpl$fadd) for __aeabi_fadd
    position_sensor.o(.text) refers to f2d.o(x$fpl$f2d) for __aeabi_f2d
    position_sensor.o(.text) refers to dmul.o(x$fpl$dmul) for __aeabi_dmul
    position_sensor.o(.text) refers to d2f.o(x$fpl$d2f) for __aeabi_d2f
    position_sensor.o(.text) refers to fmul.o(x$fpl$fmul) for __aeabi_fmul
    position_sensor.o(.text) refers to position_sensor.o(.data) for .data
    car.o(.text) refers to car.o(.data) for .data
    hall_sensor.o(.text) refers to exti.o(.text) for EXTI_QuickInit
    hall_sensor.o(.text) refers to callbacks_services.o(.text) for callbacks_services_reset_time_to_next_hall_period
    hall_sensor.o(.text) refers to systick.o(.text) for micros
    hall_sensor.o(.text) refers to car.o(.text) for car_direction_get
    hall_sensor.o(.text) refers to hall_sensor.o(.data) for .data
    hall_sensor.o(.text) refers to hall_sensor.o(.bss) for .bss
    callbacks_services.o(.text) refers to hall_sensor.o(.text) for hall_sensor_callback
    callbacks_services.o(.text) refers to callbacks_services.o(.data) for .data
    compress.o(.text) refers to fdiv.o(x$fpl$fdiv) for __aeabi_fdiv
    compress.o(.text) refers to f2d.o(x$fpl$f2d) for __aeabi_f2d
    compress.o(.text) refers to dmul.o(x$fpl$dmul) for __aeabi_dmul
    compress.o(.text) refers to d2f.o(x$fpl$d2f) for __aeabi_d2f
    compress.o(.text) refers to fmul.o(x$fpl$fmul) for __aeabi_fmul
    compress.o(.text) refers to ddiv.o(x$fpl$ddiv) for __aeabi_ddiv
    compress.o(.text) refers to dfix.o(x$fpl$dfix) for __aeabi_d2iz
    compress.o(.text) refers to dfixu.o(x$fpl$dfixu) for __aeabi_d2uiz
    uncompress.o(.text) refers to fflt_clz.o(x$fpl$fflt) for __aeabi_i2f
    uncompress.o(.text) refers to fmul.o(x$fpl$fmul) for __aeabi_fmul
    data.o(.text) refers to data.o(.data) for .data
    stm32f10x_it.o(.text) refers to systick.o(.text) for systick_inc
    stm32f10x_it.o(.text) refers to callbacks_services.o(.text) for callbacks_services_hall_period
    stm32f10x_it.o(.text) refers to stm32f10x_exti.o(.text) for EXTI_GetFlagStatus
    gpio.o(.text) refers to stm32f10x_rcc.o(.text) for RCC_APB2PeriphClockCmd
    gpio.o(.text) refers to stm32f10x_gpio.o(.text) for GPIO_Init
    systick.o(.text) refers to systick.o(.data) for .data
    systick.o(.text) refers to system_stm32f10x.o(.data) for SystemCoreClock
    exti.o(.text) refers to stm32f10x_rcc.o(.text) for RCC_APB2PeriphClockCmd
    exti.o(.text) refers to gpio.o(.text) for GPIO_QuickInit
    exti.o(.text) refers to stm32f10x_gpio.o(.text) for GPIO_EXTILineConfig
    exti.o(.text) refers to stm32f10x_exti.o(.text) for EXTI_Init
    exti.o(.text) refers to misc.o(.text) for NVIC_Init
    stm32f10x_gpio.o(.text) refers to stm32f10x_rcc.o(.text) for RCC_APB2PeriphResetCmd
    stm32f10x_rcc.o(.text) refers to stm32f10x_rcc.o(.data) for .data
    system_stm32f10x.o(.text) refers to system_stm32f10x.o(.data) for .data
    startup_stm32f10x_md.o(STACK) refers (Special) to heapauxi.o(.text) for __use_two_region_memory
    startup_stm32f10x_md.o(HEAP) refers (Special) to heapauxi.o(.text) for __use_two_region_memory
    startup_stm32f10x_md.o(RESET) refers (Special) to heapauxi.o(.text) for __use_two_region_memory
    startup_stm32f10x_md.o(RESET) refers to startup_stm32f10x_md.o(STACK) for __initial_sp
    startup_stm32f10x_md.o(RESET) refers to startup_stm32f10x_md.o(.text) for Reset_Handler
    startup_stm32f10x_md.o(RESET) refers to stm32f10x_it.o(.text) for NMI_Handler
    startup_stm32f10x_md.o(.text) refers (Special) to heapauxi.o(.text) for __use_two_region_memory
    startup_stm32f10x_md.o(.text) refers to system_stm32f10x.o(.text) for SystemInit
    startup_stm32f10x_md.o(.text) refers to __main.o(!!!main) for __main
    startup_stm32f10x_md.o(.text) refers to startup_stm32f10x_md.o(HEAP) for Heap_Mem
    startup_stm32f10x_md.o(.text) refers to startup_stm32f10x_md.o(STACK) for Stack_Mem
    __main.o(!!!main) refers to rtentry.o(.ARM.Collect$$rtentry$$00000000) for __rt_entry
    d2f.o(x$fpl$d2f) refers (Special) to usenofp.o(x$fpl$usenofp) for __I$use$fp
    d2f.o(x$fpl$d2f) refers to fretinf.o(x$fpl$fretinf) for __fpl_fretinf
    d2f.o(x$fpl$d2f) refers to dnaninf.o(x$fpl$dnaninf) for __fpl_dnaninf
    ddiv.o(x$fpl$drdiv) refers (Special) to usenofp.o(x$fpl$usenofp) for __I$use$fp
    ddiv.o(x$fpl$drdiv) refers to ddiv.o(x$fpl$ddiv) for ddiv_entry
    ddiv.o(x$fpl$ddiv) refers (Special) to usenofp.o(x$fpl$usenofp) for __I$use$fp
    ddiv.o(x$fpl$ddiv) refers to dretinf.o(x$fpl$dretinf) for __fpl_dretinf
    ddiv.o(x$fpl$ddiv) refers to dnaninf.o(x$fpl$dnaninf) for __fpl_dnaninf
    dfix.o(x$fpl$dfix) refers (Special) to usenofp.o(x$fpl$usenofp) for __I$use$fp
    dfix.o(x$fpl$dfix) refers to dnaninf.o(x$fpl$dnaninf) for __fpl_dnaninf
    dfix.o(x$fpl$dfixr) refers (Special) to usenofp.o(x$fpl$usenofp) for __I$use$fp
    dfix.o(x$fpl$dfixr) refers to dnaninf.o(x$fpl$dnaninf) for __fpl_dnaninf
    dfixu.o(x$fpl$dfixu) refers (Special) to usenofp.o(x$fpl$usenofp) for __I$use$fp
    dfixu.o(x$fpl$dfixu) refers to dnaninf.o(x$fpl$dnaninf) for __fpl_dnaninf
    dfixu.o(x$fpl$dfixur) refers (Special) to usenofp.o(x$fpl$usenofp) for __I$use$fp
    dfixu.o(x$fpl$dfixur) refers to dnaninf.o(x$fpl$dnaninf) for __fpl_dnaninf
    dmul.o(x$fpl$dmul) refers (Special) to usenofp.o(x$fpl$usenofp) for __I$use$fp
    dmul.o(x$fpl$dmul) refers to dretinf.o(x$fpl$dretinf) for __fpl_dretinf
    dmul.o(x$fpl$dmul) refers to dnaninf.o(x$fpl$dnaninf) for __fpl_dnaninf
    f2d.o(x$fpl$f2d) refers (Special) to usenofp.o(x$fpl$usenofp) for __I$use$fp
    f2d.o(x$fpl$f2d) refers to fnaninf.o(x$fpl$fnaninf) for __fpl_fnaninf
    f2d.o(x$fpl$f2d) refers to dretinf.o(x$fpl$dretinf) for __fpl_dretinf
    faddsub_clz.o(x$fpl$fadd) refers (Special) to usenofp.o(x$fpl$usenofp) for __I$use$fp
    faddsub_clz.o(x$fpl$fadd) refers to faddsub_clz.o(x$fpl$fsub) for _fsub1
    faddsub_clz.o(x$fpl$fadd) refers to fretinf.o(x$fpl$fretinf) for __fpl_fretinf
    faddsub_clz.o(x$fpl$fadd) refers to fnaninf.o(x$fpl$fnaninf) for __fpl_fnaninf
    faddsub_clz.o(x$fpl$frsb) refers (Special) to usenofp.o(x$fpl$usenofp) for __I$use$fp
    faddsub_clz.o(x$fpl$frsb) refers to faddsub_clz.o(x$fpl$fadd) for _fadd1
    faddsub_clz.o(x$fpl$frsb) refers to faddsub_clz.o(x$fpl$fsub) for _fsub1
    faddsub_clz.o(x$fpl$fsub) refers (Special) to usenofp.o(x$fpl$usenofp) for __I$use$fp
    faddsub_clz.o(x$fpl$fsub) refers to faddsub_clz.o(x$fpl$fadd) for _fadd1
    faddsub_clz.o(x$fpl$fsub) refers to fnaninf.o(x$fpl$fnaninf) for __fpl_fnaninf
    fdiv.o(x$fpl$frdiv) refers (Special) to usenofp.o(x$fpl$usenofp) for __I$use$fp
    fdiv.o(x$fpl$frdiv) refers to fdiv.o(x$fpl$fdiv) for _fdiv1
    fdiv.o(x$fpl$fdiv) refers (Special) to usenofp.o(x$fpl$usenofp) for __I$use$fp
    fdiv.o(x$fpl$fdiv) refers to fretinf.o(x$fpl$fretinf) for __fpl_fretinf
    fdiv.o(x$fpl$fdiv) refers to fnaninf.o(x$fpl$fnaninf) for __fpl_fnaninf
    fflt_clz.o(x$fpl$ffltu) refers (Special) to usenofp.o(x$fpl$usenofp) for __I$use$fp
    fflt_clz.o(x$fpl$fflt) refers (Special) to usenofp.o(x$fpl$usenofp) for __I$use$fp
    fflt_clz.o(x$fpl$ffltn) refers (Special) to usenofp.o(x$fpl$usenofp) for __I$use$fp
    ffltll_clz.o(x$fpl$ffltll) refers (Special) to usenofp.o(x$fpl$usenofp) for __I$use$fp
    fmul.o(x$fpl$fmul) refers (Special) to usenofp.o(x$fpl$usenofp) for __I$use$fp
    fmul.o(x$fpl$fmul) refers to fretinf.o(x$fpl$fretinf) for __fpl_fretinf
    fmul.o(x$fpl$fmul) refers to fnaninf.o(x$fpl$fnaninf) for __fpl_fnaninf
    rtentry.o(.ARM.Collect$$rtentry$$00000000) refers (Special) to rtentry2.o(.ARM.Collect$$rtentry$$0000000A) for __rt_entry_li
    rtentry.o(.ARM.Collect$$rtentry$$00000000) refers (Special) to rtentry2.o(.ARM.Collect$$rtentry$$0000000D) for __rt_entry_main
    rtentry.o(.ARM.Collect$$rtentry$$00000000) refers (Special) to rtentry2.o(.ARM.Collect$$rtentry$$0000000C) for __rt_entry_postli_1
    rtentry.o(.ARM.Collect$$rtentry$$00000000) refers (Special) to rtentry2.o(.ARM.Collect$$rtentry$$00000009) for __rt_entry_postsh_1
    rtentry.o(.ARM.Collect$$rtentry$$00000000) refers (Special) to rtentry2.o(.ARM.Collect$$rtentry$$00000002) for __rt_entry_presh_1
    rtentry.o(.ARM.Collect$$rtentry$$00000000) refers (Special) to rtentry4.o(.ARM.Collect$$rtentry$$00000004) for __rt_entry_sh
    dnaninf.o(x$fpl$dnaninf) refers (Special) to usenofp.o(x$fpl$usenofp) for __I$use$fp
    dretinf.o(x$fpl$dretinf) refers (Special) to usenofp.o(x$fpl$usenofp) for __I$use$fp
    fnaninf.o(x$fpl$fnaninf) refers (Special) to usenofp.o(x$fpl$usenofp) for __I$use$fp
    fretinf.o(x$fpl$fretinf) refers (Special) to usenofp.o(x$fpl$usenofp) for __I$use$fp
    rtentry2.o(.ARM.Collect$$rtentry$$00000008) refers to boardinit2.o(.text) for _platform_post_stackheap_init
    rtentry2.o(.ARM.Collect$$rtentry$$0000000A) refers to libinit.o(.ARM.Collect$$libinit$$00000000) for __rt_lib_init
    rtentry2.o(.ARM.Collect$$rtentry$$0000000B) refers to boardinit3.o(.text) for _platform_post_lib_init
    rtentry2.o(.ARM.Collect$$rtentry$$0000000D) refers to main.o(.text) for main
    rtentry2.o(.ARM.Collect$$rtentry$$0000000D) refers to exit.o(.text) for exit
    rtentry2.o(.ARM.exidx) refers to rtentry2.o(.ARM.Collect$$rtentry$$00000001) for .ARM.Collect$$rtentry$$00000001
    rtentry2.o(.ARM.exidx) refers to rtentry2.o(.ARM.Collect$$rtentry$$00000008) for .ARM.Collect$$rtentry$$00000008
    rtentry2.o(.ARM.exidx) refers to rtentry2.o(.ARM.Collect$$rtentry$$0000000A) for .ARM.Collect$$rtentry$$0000000A
    rtentry2.o(.ARM.exidx) refers to rtentry2.o(.ARM.Collect$$rtentry$$0000000B) for .ARM.Collect$$rtentry$$0000000B
    rtentry2.o(.ARM.exidx) refers to rtentry2.o(.ARM.Collect$$rtentry$$0000000D) for .ARM.Collect$$rtentry$$0000000D
    rtentry4.o(.ARM.Collect$$rtentry$$00000004) refers to sys_stackheap_outer.o(.text) for __user_setup_stackheap
    rtentry4.o(.ARM.exidx) refers to rtentry4.o(.ARM.Collect$$rtentry$$00000004) for .ARM.Collect$$rtentry$$00000004
    sys_stackheap_outer.o(.text) refers to libspace.o(.text) for __user_perproc_libspace
    sys_stackheap_outer.o(.text) refers to startup_stm32f10x_md.o(.text) for __user_initial_stackheap
    exit.o(.text) refers to rtexit.o(.ARM.Collect$$rtexit$$00000000) for __rt_exit
    libinit.o(.ARM.Collect$$libinit$$00000000) refers (Special) to libinit2.o(.ARM.Collect$$libinit$$0000002C) for __rt_lib_init_alloca_1
    libinit.o(.ARM.Collect$$libinit$$00000000) refers (Special) to libinit2.o(.ARM.Collect$$libinit$$0000002A) for __rt_lib_init_argv_1
    libinit.o(.ARM.Collect$$libinit$$00000000) refers (Special) to libinit2.o(.ARM.Collect$$libinit$$00000019) for __rt_lib_init_atexit_1
    libinit.o(.ARM.Collect$$libinit$$00000000) refers (Special) to libinit2.o(.ARM.Collect$$libinit$$0000001F) for __rt_lib_init_clock_1
    libinit.o(.ARM.Collect$$libinit$$00000000) refers (Special) to libinit2.o(.ARM.Collect$$libinit$$00000030) for __rt_lib_init_cpp_1
    libinit.o(.ARM.Collect$$libinit$$00000000) refers (Special) to libinit2.o(.ARM.Collect$$libinit$$0000002E) for __rt_lib_init_exceptions_1
    libinit.o(.ARM.Collect$$libinit$$00000000) refers (Special) to libinit2.o(.ARM.Collect$$libinit$$00000002) for __rt_lib_init_fp_1
    libinit.o(.ARM.Collect$$libinit$$00000000) refers (Special) to libinit2.o(.ARM.Collect$$libinit$$0000001D) for __rt_lib_init_fp_trap_1
    libinit.o(.ARM.Collect$$libinit$$00000000) refers (Special) to libinit2.o(.ARM.Collect$$libinit$$00000021) for __rt_lib_init_getenv_1
    libinit.o(.ARM.Collect$$libinit$$00000000) refers (Special) to libinit2.o(.ARM.Collect$$libinit$$00000008) for __rt_lib_init_heap_1
    libinit.o(.ARM.Collect$$libinit$$00000000) refers (Special) to libinit2.o(.ARM.Collect$$libinit$$0000000F) for __rt_lib_init_lc_collate_1
    libinit.o(.ARM.Collect$$libinit$$00000000) refers (Special) to libinit2.o(.ARM.Collect$$libinit$$00000011) for __rt_lib_init_lc_ctype_1
    libinit.o(.ARM.Collect$$libinit$$00000000) refers (Special) to libinit2.o(.ARM.Collect$$libinit$$00000013) for __rt_lib_init_lc_monetary_1
    libinit.o(.ARM.Collect$$libinit$$00000000) refers (Special) to libinit2.o(.ARM.Collect$$libinit$$00000015) for __rt_lib_init_lc_numeric_1
    libinit.o(.ARM.Collect$$libinit$$00000000) refers (Special) to libinit2.o(.ARM.Collect$$libinit$$00000017) for __rt_lib_init_lc_time_1
    libinit.o(.ARM.Collect$$libinit$$00000000) refers (Special) to libinit2.o(.ARM.Collect$$libinit$$0000000C) for __rt_lib_init_rand_1
    libinit.o(.ARM.Collect$$libinit$$00000000) refers (Special) to libinit2.o(.ARM.Collect$$libinit$$00000031) for __rt_lib_init_return
    libinit.o(.ARM.Collect$$libinit$$00000000) refers (Special) to libinit2.o(.ARM.Collect$$libinit$$0000001B) for __rt_lib_init_signal_1
    libinit.o(.ARM.Collect$$libinit$$00000000) refers (Special) to libinit2.o(.ARM.Collect$$libinit$$00000023) for __rt_lib_init_stdio_1
    libinit.o(.ARM.Collect$$libinit$$00000000) refers (Special) to libinit2.o(.ARM.Collect$$libinit$$0000000A) for __rt_lib_init_user_alloc_1
    libspace.o(.text) refers to libspace.o(.bss) for __libspace_start
    rtexit.o(.ARM.Collect$$rtexit$$00000000) refers (Special) to rtexit2.o(.ARM.Collect$$rtexit$$00000004) for __rt_exit_exit
    rtexit.o(.ARM.Collect$$rtexit$$00000000) refers (Special) to rtexit2.o(.ARM.Collect$$rtexit$$00000003) for __rt_exit_ls
    rtexit.o(.ARM.Collect$$rtexit$$00000000) refers (Special) to rtexit2.o(.ARM.Collect$$rtexit$$00000002) for __rt_exit_prels_1
    rtexit.o(.ARM.exidx) refers (Special) to rtexit2.o(.ARM.Collect$$rtexit$$00000004) for __rt_exit_exit
    rtexit.o(.ARM.exidx) refers (Special) to rtexit2.o(.ARM.Collect$$rtexit$$00000003) for __rt_exit_ls
    rtexit.o(.ARM.exidx) refers (Special) to rtexit2.o(.ARM.Collect$$rtexit$$00000002) for __rt_exit_prels_1
    rtexit.o(.ARM.exidx) refers to rtexit.o(.ARM.Collect$$rtexit$$00000000) for .ARM.Collect$$rtexit$$00000000
    libinit2.o(.ARM.Collect$$libinit$$0000000E) refers to libinit2.o(.ARM.Collect$$libinit$$0000000D) for .ARM.Collect$$libinit$$0000000D
    libinit2.o(.ARM.Collect$$libinit$$00000010) refers to libinit2.o(.ARM.Collect$$libinit$$0000000D) for .ARM.Collect$$libinit$$0000000D
    libinit2.o(.ARM.Collect$$libinit$$00000012) refers to libinit2.o(.ARM.Collect$$libinit$$0000000D) for .ARM.Collect$$libinit$$0000000D
    libinit2.o(.ARM.Collect$$libinit$$00000014) refers to libinit2.o(.ARM.Collect$$libinit$$0000000D) for .ARM.Collect$$libinit$$0000000D
    libinit2.o(.ARM.Collect$$libinit$$00000016) refers to libinit2.o(.ARM.Collect$$libinit$$0000000D) for .ARM.Collect$$libinit$$0000000D
    libinit2.o(.ARM.Collect$$libinit$$00000024) refers to argv_veneer.o(.emb_text) for __ARM_argv_veneer
    libinit2.o(.ARM.Collect$$libinit$$00000025) refers to argv_veneer.o(.emb_text) for __ARM_argv_veneer
    rtexit2.o(.ARM.Collect$$rtexit$$00000003) refers to libshutdown.o(.ARM.Collect$$libshutdown$$00000000) for __rt_lib_shutdown
    rtexit2.o(.ARM.Collect$$rtexit$$00000004) refers to sys_exit.o(.text) for _sys_exit
    rtexit2.o(.ARM.exidx) refers to rtexit2.o(.ARM.Collect$$rtexit$$00000001) for .ARM.Collect$$rtexit$$00000001
    rtexit2.o(.ARM.exidx) refers to rtexit2.o(.ARM.Collect$$rtexit$$00000003) for .ARM.Collect$$rtexit$$00000003
    rtexit2.o(.ARM.exidx) refers to rtexit2.o(.ARM.Collect$$rtexit$$00000004) for .ARM.Collect$$rtexit$$00000004
    argv_veneer.o(.emb_text) refers to no_argv.o(.text) for __ARM_get_argv
    sys_exit.o(.text) refers (Special) to use_no_semi.o(.text) for __I$use$semihosting
    sys_exit.o(.text) refers (Special) to indicate_semi.o(.text) for __semihosting_library_function
    _get_argv_nomalloc.o(.text) refers (Special) to hrguard.o(.text) for __heap_region$guard
    _get_argv_nomalloc.o(.text) refers to defsig_rtmem_outer.o(.text) for __rt_SIGRTMEM
    _get_argv_nomalloc.o(.text) refers to sys_command.o(.text) for _sys_command_string
    libshutdown.o(.ARM.Collect$$libshutdown$$00000000) refers (Special) to libshutdown2.o(.ARM.Collect$$libshutdown$$00000006) for __rt_lib_shutdown_fp_trap_1
    libshutdown.o(.ARM.Collect$$libshutdown$$00000000) refers (Special) to libshutdown2.o(.ARM.Collect$$libshutdown$$0000000E) for __rt_lib_shutdown_heap_1
    libshutdown.o(.ARM.Collect$$libshutdown$$00000000) refers (Special) to libshutdown2.o(.ARM.Collect$$libshutdown$$0000000F) for __rt_lib_shutdown_return
    libshutdown.o(.ARM.Collect$$libshutdown$$00000000) refers (Special) to libshutdown2.o(.ARM.Collect$$libshutdown$$00000009) for __rt_lib_shutdown_signal_1
    libshutdown.o(.ARM.Collect$$libshutdown$$00000000) refers (Special) to libshutdown2.o(.ARM.Collect$$libshutdown$$00000003) for __rt_lib_shutdown_stdio_1
    libshutdown.o(.ARM.Collect$$libshutdown$$00000000) refers (Special) to libshutdown2.o(.ARM.Collect$$libshutdown$$0000000B) for __rt_lib_shutdown_user_alloc_1
    sys_command.o(.text) refers (Special) to use_no_semi.o(.text) for __I$use$semihosting
    sys_command.o(.text) refers (Special) to indicate_semi.o(.text) for __semihosting_library_function
    defsig_rtmem_outer.o(.text) refers to defsig_rtmem_inner.o(.text) for __rt_SIGRTMEM_inner
    defsig_rtmem_outer.o(.text) refers to defsig_exit.o(.text) for __sig_exit
    defsig_rtmem_formal.o(.text) refers to rt_raise.o(.text) for __rt_raise
    rt_raise.o(.text) refers to __raise.o(.text) for __raise
    rt_raise.o(.text) refers to sys_exit.o(.text) for _sys_exit
    defsig_exit.o(.text) refers to sys_exit.o(.text) for _sys_exit
    defsig_rtmem_inner.o(.text) refers to defsig_general.o(.text) for __default_signal_display
    __raise.o(.text) refers to defsig.o(CL$$defsig) for __default_signal_handler
    defsig_general.o(.text) refers to sys_wrch.o(.text) for _ttywrch
    sys_wrch.o(.text) refers (Special) to use_no_semi.o(.text) for __I$use$semihosting
    sys_wrch.o(.text) refers (Special) to indicate_semi.o(.text) for __semihosting_library_function
    defsig.o(CL$$defsig) refers to defsig_rtmem_inner.o(.text) for __rt_SIGRTMEM_inner
    defsig_abrt_inner.o(.text) refers to defsig_general.o(.text) for __default_signal_display
    defsig_fpe_inner.o(.text) refers to defsig_general.o(.text) for __default_signal_display
    defsig_rtred_inner.o(.text) refers to defsig_general.o(.text) for __default_signal_display
    defsig_stak_inner.o(.text) refers to defsig_general.o(.text) for __default_signal_display
    defsig_pvfn_inner.o(.text) refers to defsig_general.o(.text) for __default_signal_display
    defsig_cppl_inner.o(.text) refers to defsig_general.o(.text) for __default_signal_display
    defsig_segv_inner.o(.text) refers to defsig_general.o(.text) for __default_signal_display
    defsig_other.o(.text) refers to defsig_general.o(.text) for __default_signal_display


==============================================================================

Removing Unused input sections from the image.

    Removing data.o(.text), (52 bytes).
    Removing data.o(.data), (8 bytes).
    Removing core_cm3.o(.emb_text), (32 bytes).

3 unused section(s) (total 92 bytes) removed from the image.

==============================================================================

Image Symbol Table

    Local Symbols

    Symbol Name                              Value     Ov Type        Size  Object(Section)

    ../clib/angel/boardlib.s                 0x00000000   Number         0  boardinit3.o ABSOLUTE
    ../clib/angel/boardlib.s                 0x00000000   Number         0  boardshut.o ABSOLUTE
    ../clib/angel/boardlib.s                 0x00000000   Number         0  boardinit1.o ABSOLUTE
    ../clib/angel/boardlib.s                 0x00000000   Number         0  boardinit2.o ABSOLUTE
    ../clib/angel/handlers.s                 0x00000000   Number         0  __scatter_copy.o ABSOLUTE
    ../clib/angel/handlers.s                 0x00000000   Number         0  __scatter_zi.o ABSOLUTE
    ../clib/angel/kernel.s                   0x00000000   Number         0  rtexit.o ABSOLUTE
    ../clib/angel/kernel.s                   0x00000000   Number         0  rtexit2.o ABSOLUTE
    ../clib/angel/kernel.s                   0x00000000   Number         0  rtentry2.o ABSOLUTE
    ../clib/angel/kernel.s                   0x00000000   Number         0  rtentry.o ABSOLUTE
    ../clib/angel/kernel.s                   0x00000000   Number         0  rtentry4.o ABSOLUTE
    ../clib/angel/rt.s                       0x00000000   Number         0  rt_raise.o ABSOLUTE
    ../clib/angel/scatter.s                  0x00000000   Number         0  __scatter.o ABSOLUTE
    ../clib/angel/startup.s                  0x00000000   Number         0  __main.o ABSOLUTE
    ../clib/angel/sys.s                      0x00000000   Number         0  libspace.o ABSOLUTE
    ../clib/angel/sys.s                      0x00000000   Number         0  indicate_semi.o ABSOLUTE
    ../clib/angel/sys.s                      0x00000000   Number         0  use_no_semi.o ABSOLUTE
    ../clib/angel/sys.s                      0x00000000   Number         0  sys_stackheap_outer.o ABSOLUTE
    ../clib/angel/sysapp.c                   0x00000000   Number         0  sys_exit.o ABSOLUTE
    ../clib/angel/sysapp.c                   0x00000000   Number         0  sys_wrch.o ABSOLUTE
    ../clib/angel/sysapp.c                   0x00000000   Number         0  sys_command.o ABSOLUTE
    ../clib/armsys.c                         0x00000000   Number         0  no_argv.o ABSOLUTE
    ../clib/armsys.c                         0x00000000   Number         0  argv_veneer.o ABSOLUTE
    ../clib/armsys.c                         0x00000000   Number         0  argv_veneer.o ABSOLUTE
    ../clib/armsys.c                         0x00000000   Number         0  _get_argv_nomalloc.o ABSOLUTE
    ../clib/heapalloc.c                      0x00000000   Number         0  hrguard.o ABSOLUTE
    ../clib/heapaux.c                        0x00000000   Number         0  heapauxi.o ABSOLUTE
    ../clib/libinit.s                        0x00000000   Number         0  libshutdown.o ABSOLUTE
    ../clib/libinit.s                        0x00000000   Number         0  libshutdown2.o ABSOLUTE
    ../clib/libinit.s                        0x00000000   Number         0  libinit.o ABSOLUTE
    ../clib/libinit.s                        0x00000000   Number         0  libinit2.o ABSOLUTE
    ../clib/signal.c                         0x00000000   Number         0  defsig_rtmem_outer.o ABSOLUTE
    ../clib/signal.c                         0x00000000   Number         0  defsig_rtmem_formal.o ABSOLUTE
    ../clib/signal.c                         0x00000000   Number         0  defsig_general.o ABSOLUTE
    ../clib/signal.c                         0x00000000   Number         0  defsig_exit.o ABSOLUTE
    ../clib/signal.c                         0x00000000   Number         0  defsig_rtred_inner.o ABSOLUTE
    ../clib/signal.c                         0x00000000   Number         0  defsig_abrt_inner.o ABSOLUTE
    ../clib/signal.c                         0x00000000   Number         0  defsig_rtmem_inner.o ABSOLUTE
    ../clib/signal.c                         0x00000000   Number         0  defsig_fpe_inner.o ABSOLUTE
    ../clib/signal.c                         0x00000000   Number         0  defsig_stak_inner.o ABSOLUTE
    ../clib/signal.c                         0x00000000   Number         0  defsig_pvfn_inner.o ABSOLUTE
    ../clib/signal.c                         0x00000000   Number         0  defsig_cppl_inner.o ABSOLUTE
    ../clib/signal.c                         0x00000000   Number         0  defsig_segv_inner.o ABSOLUTE
    ../clib/signal.c                         0x00000000   Number         0  defsig_other.o ABSOLUTE
    ../clib/signal.c                         0x00000000   Number         0  __raise.o ABSOLUTE
    ../clib/signal.s                         0x00000000   Number         0  defsig.o ABSOLUTE
    ../clib/stdlib.c                         0x00000000   Number         0  exit.o ABSOLUTE
    ../fplib/d2f.s                           0x00000000   Number         0  d2f.o ABSOLUTE
    ../fplib/ddiv.s                          0x00000000   Number         0  ddiv.o ABSOLUTE
    ../fplib/dfix.s                          0x00000000   Number         0  dfix.o ABSOLUTE
    ../fplib/dfixu.s                         0x00000000   Number         0  dfixu.o ABSOLUTE
    ../fplib/dmul.s                          0x00000000   Number         0  dmul.o ABSOLUTE
    ../fplib/dnaninf.s                       0x00000000   Number         0  dnaninf.o ABSOLUTE
    ../fplib/dretinf.s                       0x00000000   Number         0  dretinf.o ABSOLUTE
    ../fplib/f2d.s                           0x00000000   Number         0  f2d.o ABSOLUTE
    ../fplib/faddsub.s                       0x00000000   Number         0  faddsub_clz.o ABSOLUTE
    ../fplib/fdiv.s                          0x00000000   Number         0  fdiv.o ABSOLUTE
    ../fplib/fflt.s                          0x00000000   Number         0  fflt_clz.o ABSOLUTE
    ../fplib/ffltll.s                        0x00000000   Number         0  ffltll_clz.o ABSOLUTE
    ../fplib/fmul.s                          0x00000000   Number         0  fmul.o ABSOLUTE
    ../fplib/fnaninf.s                       0x00000000   Number         0  fnaninf.o ABSOLUTE
    ../fplib/fpinit.s                        0x00000000   Number         0  fpinit.o ABSOLUTE
    ../fplib/fretinf.s                       0x00000000   Number         0  fretinf.o ABSOLUTE
    ../fplib/usenofp.s                       0x00000000   Number         0  usenofp.o ABSOLUTE
    ..\..\..\Lib_COM\CurtisLib\HDM_API\src\data.c 0x00000000   Number         0  data.o ABSOLUTE
    ..\..\..\Lib_STM32\CMSIS\CM3\CoreSupport\core_cm3.c 0x00000000   Number         0  core_cm3.o ABSOLUTE
    ..\..\..\Lib_STM32\CMSIS\CM3\DeviceSupport\ST\STM32F10x\startup\arm\startup_stm32f10x_md.s 0x00000000   Number         0  startup_stm32f10x_md.o ABSOLUTE
    ..\..\..\Lib_STM32\CMSIS\CM3\DeviceSupport\ST\STM32F10x\system_stm32f10x.c 0x00000000   Number         0  system_stm32f10x.o ABSOLUTE
    ..\..\..\Lib_STM32\STM32F10x_StdPeriph_Driver\src\misc.c 0x00000000   Number         0  misc.o ABSOLUTE
    ..\..\..\Lib_STM32\STM32F10x_StdPeriph_Driver\src\stm32f10x_exti.c 0x00000000   Number         0  stm32f10x_exti.o ABSOLUTE
    ..\..\..\Lib_STM32\STM32F10x_StdPeriph_Driver\src\stm32f10x_gpio.c 0x00000000   Number         0  stm32f10x_gpio.o ABSOLUTE
    ..\..\..\Lib_STM32\STM32F10x_StdPeriph_Driver\src\stm32f10x_rcc.c 0x00000000   Number         0  stm32f10x_rcc.o ABSOLUTE
    ..\Application\main.c                    0x00000000   Number         0  main.o ABSOLUTE
    ..\Application\position_sensor.c         0x00000000   Number         0  position_sensor.o ABSOLUTE
    ..\Application\speed_sensor.c            0x00000000   Number         0  speed_sensor.o ABSOLUTE
    ..\Drivers\exti.c                        0x00000000   Number         0  exti.o ABSOLUTE
    ..\Drivers\gpio.c                        0x00000000   Number         0  gpio.o ABSOLUTE
    ..\Drivers\stm32f10x_it.c                0x00000000   Number         0  stm32f10x_it.o ABSOLUTE
    ..\Drivers\systick.c                     0x00000000   Number         0  systick.o ABSOLUTE
    ..\Services\callbacks_services.c         0x00000000   Number         0  callbacks_services.o ABSOLUTE
    ..\Services\compress.c                   0x00000000   Number         0  compress.o ABSOLUTE
    ..\Services\hall_sensor.c                0x00000000   Number         0  hall_sensor.o ABSOLUTE
    ..\Services\uncompress.c                 0x00000000   Number         0  uncompress.o ABSOLUTE
    ..\\..\\..\\Lib_STM32\\CMSIS\\CM3\\CoreSupport\\core_cm3.c 0x00000000   Number         0  core_cm3.o ABSOLUTE
    car.c                                    0x00000000   Number         0  car.o ABSOLUTE
    dc.s                                     0x00000000   Number         0  dc.o ABSOLUTE
    RESET                                    0x08000000   Section      236  startup_stm32f10x_md.o(RESET)
    !!!main                                  0x080000ec   Section        8  __main.o(!!!main)
    !!!scatter                               0x080000f4   Section       52  __scatter.o(!!!scatter)
    !!handler_copy                           0x08000128   Section       26  __scatter_copy.o(!!handler_copy)
    !!handler_zi                             0x08000144   Section       28  __scatter_zi.o(!!handler_zi)
    .ARM.Collect$$libinit$$00000000          0x08000160   Section        2  libinit.o(.ARM.Collect$$libinit$$00000000)
    .ARM.Collect$$libinit$$00000002          0x08000162   Section        0  libinit2.o(.ARM.Collect$$libinit$$00000002)
    .ARM.Collect$$libinit$$00000008          0x08000162   Section        0  libinit2.o(.ARM.Collect$$libinit$$00000008)
    .ARM.Collect$$libinit$$0000000A          0x08000162   Section        0  libinit2.o(.ARM.Collect$$libinit$$0000000A)
    .ARM.Collect$$libinit$$0000000C          0x08000162   Section        0  libinit2.o(.ARM.Collect$$libinit$$0000000C)
    .ARM.Collect$$libinit$$0000000F          0x08000162   Section        0  libinit2.o(.ARM.Collect$$libinit$$0000000F)
    .ARM.Collect$$libinit$$00000011          0x08000162   Section        0  libinit2.o(.ARM.Collect$$libinit$$00000011)
    .ARM.Collect$$libinit$$00000013          0x08000162   Section        0  libinit2.o(.ARM.Collect$$libinit$$00000013)
    .ARM.Collect$$libinit$$00000015          0x08000162   Section        0  libinit2.o(.ARM.Collect$$libinit$$00000015)
    .ARM.Collect$$libinit$$00000017          0x08000162   Section        0  libinit2.o(.ARM.Collect$$libinit$$00000017)
    .ARM.Collect$$libinit$$00000019          0x08000162   Section        0  libinit2.o(.ARM.Collect$$libinit$$00000019)
    .ARM.Collect$$libinit$$0000001B          0x08000162   Section        0  libinit2.o(.ARM.Collect$$libinit$$0000001B)
    .ARM.Collect$$libinit$$0000001D          0x08000162   Section        0  libinit2.o(.ARM.Collect$$libinit$$0000001D)
    .ARM.Collect$$libinit$$0000001F          0x08000162   Section        0  libinit2.o(.ARM.Collect$$libinit$$0000001F)
    .ARM.Collect$$libinit$$00000021          0x08000162   Section        0  libinit2.o(.ARM.Collect$$libinit$$00000021)
    .ARM.Collect$$libinit$$00000023          0x08000162   Section        0  libinit2.o(.ARM.Collect$$libinit$$00000023)
    .ARM.Collect$$libinit$$0000002A          0x08000162   Section        0  libinit2.o(.ARM.Collect$$libinit$$0000002A)
    .ARM.Collect$$libinit$$0000002C          0x08000162   Section        0  libinit2.o(.ARM.Collect$$libinit$$0000002C)
    .ARM.Collect$$libinit$$0000002E          0x08000162   Section        0  libinit2.o(.ARM.Collect$$libinit$$0000002E)
    .ARM.Collect$$libinit$$00000030          0x08000162   Section        0  libinit2.o(.ARM.Collect$$libinit$$00000030)
    .ARM.Collect$$libinit$$00000031          0x08000162   Section        2  libinit2.o(.ARM.Collect$$libinit$$00000031)
    .ARM.Collect$$libshutdown$$00000000      0x08000164   Section        2  libshutdown.o(.ARM.Collect$$libshutdown$$00000000)
    .ARM.Collect$$libshutdown$$00000003      0x08000166   Section        0  libshutdown2.o(.ARM.Collect$$libshutdown$$00000003)
    .ARM.Collect$$libshutdown$$00000006      0x08000166   Section        0  libshutdown2.o(.ARM.Collect$$libshutdown$$00000006)
    .ARM.Collect$$libshutdown$$00000009      0x08000166   Section        0  libshutdown2.o(.ARM.Collect$$libshutdown$$00000009)
    .ARM.Collect$$libshutdown$$0000000B      0x08000166   Section        0  libshutdown2.o(.ARM.Collect$$libshutdown$$0000000B)
    .ARM.Collect$$libshutdown$$0000000E      0x08000166   Section        0  libshutdown2.o(.ARM.Collect$$libshutdown$$0000000E)
    .ARM.Collect$$libshutdown$$0000000F      0x08000166   Section        2  libshutdown2.o(.ARM.Collect$$libshutdown$$0000000F)
    .ARM.Collect$$rtentry$$00000000          0x08000168   Section        0  rtentry.o(.ARM.Collect$$rtentry$$00000000)
    .ARM.Collect$$rtentry$$00000002          0x08000168   Section        0  rtentry2.o(.ARM.Collect$$rtentry$$00000002)
    .ARM.Collect$$rtentry$$00000004          0x08000168   Section        6  rtentry4.o(.ARM.Collect$$rtentry$$00000004)
    .ARM.Collect$$rtentry$$00000009          0x0800016e   Section        0  rtentry2.o(.ARM.Collect$$rtentry$$00000009)
    .ARM.Collect$$rtentry$$0000000A          0x0800016e   Section        4  rtentry2.o(.ARM.Collect$$rtentry$$0000000A)
    .ARM.Collect$$rtentry$$0000000C          0x08000172   Section        0  rtentry2.o(.ARM.Collect$$rtentry$$0000000C)
    .ARM.Collect$$rtentry$$0000000D          0x08000172   Section        8  rtentry2.o(.ARM.Collect$$rtentry$$0000000D)
    .ARM.Collect$$rtexit$$00000000           0x0800017a   Section        2  rtexit.o(.ARM.Collect$$rtexit$$00000000)
    .ARM.Collect$$rtexit$$00000002           0x0800017c   Section        0  rtexit2.o(.ARM.Collect$$rtexit$$00000002)
    .ARM.Collect$$rtexit$$00000003           0x0800017c   Section        4  rtexit2.o(.ARM.Collect$$rtexit$$00000003)
    .ARM.Collect$$rtexit$$00000004           0x08000180   Section        6  rtexit2.o(.ARM.Collect$$rtexit$$00000004)
    .text                                    0x08000188   Section        0  main.o(.text)
    .text                                    0x0800030c   Section        0  speed_sensor.o(.text)
    .text                                    0x08000418   Section        0  position_sensor.o(.text)
    .text                                    0x08000494   Section        0  car.o(.text)
    .text                                    0x080004a4   Section        0  hall_sensor.o(.text)
    .text                                    0x08000620   Section        0  callbacks_services.o(.text)
    .text                                    0x08000660   Section        0  compress.o(.text)
    .text                                    0x08000784   Section        0  uncompress.o(.text)
    .text                                    0x080007bc   Section        0  stm32f10x_it.o(.text)
    .text                                    0x0800086c   Section        0  gpio.o(.text)
    .text                                    0x08000904   Section        0  systick.o(.text)
    NVIC_SetPriority                         0x0800097d   Thumb Code    22  systick.o(.text)
    .text                                    0x080009a4   Section        0  exti.o(.text)
    .text                                    0x08000c20   Section        0  misc.o(.text)
    .text                                    0x08000cd0   Section        0  stm32f10x_exti.o(.text)
    .text                                    0x08000db8   Section        0  stm32f10x_gpio.o(.text)
    .text                                    0x08001018   Section        0  stm32f10x_rcc.o(.text)
    .text                                    0x080012d0   Section        0  system_stm32f10x.o(.text)
    SetSysClockTo72                          0x080012d1   Thumb Code   160  system_stm32f10x.o(.text)
    .text                                    0x08001428   Section       64  startup_stm32f10x_md.o(.text)
    .text                                    0x08001468   Section        0  heapauxi.o(.text)
    .text                                    0x0800146e   Section       74  sys_stackheap_outer.o(.text)
    .text                                    0x080014b8   Section        0  exit.o(.text)
    .text                                    0x080014c4   Section        8  libspace.o(.text)
    .text                                    0x080014cc   Section        0  sys_exit.o(.text)
    .text                                    0x080014d8   Section        2  use_no_semi.o(.text)
    .text                                    0x080014da   Section        0  indicate_semi.o(.text)
    x$fpl$d2f                                0x080014dc   Section       98  d2f.o(x$fpl$d2f)
    x$fpl$ddiv                               0x08001540   Section      688  ddiv.o(x$fpl$ddiv)
    ddiv_entry                               0x08001547   Thumb Code     0  ddiv.o(x$fpl$ddiv)
    x$fpl$dfix                               0x080017f0   Section       94  dfix.o(x$fpl$dfix)
    x$fpl$dfixu                              0x08001850   Section       90  dfixu.o(x$fpl$dfixu)
    x$fpl$dmul                               0x080018ac   Section      340  dmul.o(x$fpl$dmul)
    x$fpl$dnaninf                            0x08001a00   Section      156  dnaninf.o(x$fpl$dnaninf)
    x$fpl$dretinf                            0x08001a9c   Section       12  dretinf.o(x$fpl$dretinf)
    x$fpl$f2d                                0x08001aa8   Section       86  f2d.o(x$fpl$f2d)
    x$fpl$fadd                               0x08001b00   Section      196  faddsub_clz.o(x$fpl$fadd)
    _fadd1                                   0x08001b0f   Thumb Code     0  faddsub_clz.o(x$fpl$fadd)
    x$fpl$fdiv                               0x08001bc4   Section      388  fdiv.o(x$fpl$fdiv)
    _fdiv1                                   0x08001bc5   Thumb Code     0  fdiv.o(x$fpl$fdiv)
    x$fpl$fflt                               0x08001d48   Section       48  fflt_clz.o(x$fpl$fflt)
    x$fpl$ffltll                             0x08001d78   Section       96  ffltll_clz.o(x$fpl$ffltll)
    x$fpl$ffltu                              0x08001dd8   Section       38  fflt_clz.o(x$fpl$ffltu)
    x$fpl$fmul                               0x08001e00   Section      258  fmul.o(x$fpl$fmul)
    x$fpl$fnaninf                            0x08001f02   Section      140  fnaninf.o(x$fpl$fnaninf)
    x$fpl$fretinf                            0x08001f8e   Section       10  fretinf.o(x$fpl$fretinf)
    x$fpl$fsub                               0x08001f98   Section      234  faddsub_clz.o(x$fpl$fsub)
    _fsub1                                   0x08001fa7   Thumb Code     0  faddsub_clz.o(x$fpl$fsub)
    x$fpl$usenofp                            0x08002082   Section        0  usenofp.o(x$fpl$usenofp)
    .data                                    0x20000000   Section       16  main.o(.data)
    .data                                    0x20000010   Section       28  speed_sensor.o(.data)
    .data                                    0x2000002c   Section        8  position_sensor.o(.data)
    .data                                    0x20000034   Section        1  car.o(.data)
    .data                                    0x20000038   Section       24  hall_sensor.o(.data)
    .data                                    0x20000050   Section        4  callbacks_services.o(.data)
    .data                                    0x20000058   Section        8  systick.o(.data)
    time_micros                              0x20000058   Data           8  systick.o(.data)
    .data                                    0x20000060   Section       20  stm32f10x_rcc.o(.data)
    ADCPrescTable                            0x20000060   Data           4  stm32f10x_rcc.o(.data)
    APBAHBPrescTable                         0x20000064   Data          16  stm32f10x_rcc.o(.data)
    .data                                    0x20000074   Section       20  system_stm32f10x.o(.data)
    .bss                                     0x20000088   Section      576  hall_sensor.o(.bss)
    .bss                                     0x200002c8   Section       96  libspace.o(.bss)
    HEAP                                     0x20000328   Section      512  startup_stm32f10x_md.o(HEAP)
    Heap_Mem                                 0x20000328   Data         512  startup_stm32f10x_md.o(HEAP)
    STACK                                    0x20000528   Section     1024  startup_stm32f10x_md.o(STACK)
    Stack_Mem                                0x20000528   Data        1024  startup_stm32f10x_md.o(STACK)
    __initial_sp                             0x20000928   Data           0  startup_stm32f10x_md.o(STACK)

    Global Symbols

    Symbol Name                              Value     Ov Type        Size  Object(Section)

    BuildAttributes$$THM_ISAv4$P$D$K$B$S$PE$A:L22UL41UL21$X:L11$S22US41US21$IEEE1$IW$USESV6$~STKCKD$USESV7$~SHL$OSPACE$ROPI$EBA8$UX$STANDARDLIB$REQ8$PRES8$EABIv2 0x00000000   Number         0  anon$$obj.o ABSOLUTE
    __ARM_use_no_argv                        0x00000000   Number         0  main.o ABSOLUTE
    __ARM_exceptions_init                     - Undefined Weak Reference
    __alloca_initialize                       - Undefined Weak Reference
    __cpp_initialize__aeabi_                  - Undefined Weak Reference
    __cxa_finalize                            - Undefined Weak Reference
    __rt_locale                               - Undefined Weak Reference
    __sigvec_lookup                           - Undefined Weak Reference
    _atexit_init                              - Undefined Weak Reference
    _call_atexit_fns                          - Undefined Weak Reference
    _clock_init                               - Undefined Weak Reference
    _fp_trap_init                             - Undefined Weak Reference
    _fp_trap_shutdown                         - Undefined Weak Reference
    _get_lc_collate                           - Undefined Weak Reference
    _get_lc_ctype                             - Undefined Weak Reference
    _get_lc_monetary                          - Undefined Weak Reference
    _get_lc_numeric                           - Undefined Weak Reference
    _get_lc_time                              - Undefined Weak Reference
    _getenv_init                              - Undefined Weak Reference
    _handle_redirection                       - Undefined Weak Reference
    _init_alloc                               - Undefined Weak Reference
    _init_user_alloc                          - Undefined Weak Reference
    _initio                                   - Undefined Weak Reference
    _rand_init                                - Undefined Weak Reference
    _signal_finish                            - Undefined Weak Reference
    _signal_init                              - Undefined Weak Reference
    _terminate_alloc                          - Undefined Weak Reference
    _terminate_user_alloc                     - Undefined Weak Reference
    _terminateio                              - Undefined Weak Reference
    __Vectors_Size                           0x000000ec   Number         0  startup_stm32f10x_md.o ABSOLUTE
    __Vectors                                0x08000000   Data           4  startup_stm32f10x_md.o(RESET)
    __Vectors_End                            0x080000ec   Data           0  startup_stm32f10x_md.o(RESET)
    __main                                   0x080000ed   Thumb Code     8  __main.o(!!!main)
    __scatterload                            0x080000f5   Thumb Code     0  __scatter.o(!!!scatter)
    __scatterload_rt2                        0x080000f5   Thumb Code    44  __scatter.o(!!!scatter)
    __scatterload_rt2_thumb_only             0x080000f5   Thumb Code     0  __scatter.o(!!!scatter)
    __scatterload_null                       0x08000103   Thumb Code     0  __scatter.o(!!!scatter)
    __scatterload_copy                       0x08000129   Thumb Code    26  __scatter_copy.o(!!handler_copy)
    __scatterload_zeroinit                   0x08000145   Thumb Code    28  __scatter_zi.o(!!handler_zi)
    __rt_lib_init                            0x08000161   Thumb Code     0  libinit.o(.ARM.Collect$$libinit$$00000000)
    __rt_lib_init_alloca_1                   0x08000163   Thumb Code     0  libinit2.o(.ARM.Collect$$libinit$$0000002C)
    __rt_lib_init_argv_1                     0x08000163   Thumb Code     0  libinit2.o(.ARM.Collect$$libinit$$0000002A)
    __rt_lib_init_atexit_1                   0x08000163   Thumb Code     0  libinit2.o(.ARM.Collect$$libinit$$00000019)
    __rt_lib_init_clock_1                    0x08000163   Thumb Code     0  libinit2.o(.ARM.Collect$$libinit$$0000001F)
    __rt_lib_init_cpp_1                      0x08000163   Thumb Code     0  libinit2.o(.ARM.Collect$$libinit$$00000030)
    __rt_lib_init_exceptions_1               0x08000163   Thumb Code     0  libinit2.o(.ARM.Collect$$libinit$$0000002E)
    __rt_lib_init_fp_1                       0x08000163   Thumb Code     0  libinit2.o(.ARM.Collect$$libinit$$00000002)
    __rt_lib_init_fp_trap_1                  0x08000163   Thumb Code     0  libinit2.o(.ARM.Collect$$libinit$$0000001D)
    __rt_lib_init_getenv_1                   0x08000163   Thumb Code     0  libinit2.o(.ARM.Collect$$libinit$$00000021)
    __rt_lib_init_heap_1                     0x08000163   Thumb Code     0  libinit2.o(.ARM.Collect$$libinit$$00000008)
    __rt_lib_init_lc_collate_1               0x08000163   Thumb Code     0  libinit2.o(.ARM.Collect$$libinit$$0000000F)
    __rt_lib_init_lc_ctype_1                 0x08000163   Thumb Code     0  libinit2.o(.ARM.Collect$$libinit$$00000011)
    __rt_lib_init_lc_monetary_1              0x08000163   Thumb Code     0  libinit2.o(.ARM.Collect$$libinit$$00000013)
    __rt_lib_init_lc_numeric_1               0x08000163   Thumb Code     0  libinit2.o(.ARM.Collect$$libinit$$00000015)
    __rt_lib_init_lc_time_1                  0x08000163   Thumb Code     0  libinit2.o(.ARM.Collect$$libinit$$00000017)
    __rt_lib_init_rand_1                     0x08000163   Thumb Code     0  libinit2.o(.ARM.Collect$$libinit$$0000000C)
    __rt_lib_init_return                     0x08000163   Thumb Code     0  libinit2.o(.ARM.Collect$$libinit$$00000031)
    __rt_lib_init_signal_1                   0x08000163   Thumb Code     0  libinit2.o(.ARM.Collect$$libinit$$0000001B)
    __rt_lib_init_stdio_1                    0x08000163   Thumb Code     0  libinit2.o(.ARM.Collect$$libinit$$00000023)
    __rt_lib_init_user_alloc_1               0x08000163   Thumb Code     0  libinit2.o(.ARM.Collect$$libinit$$0000000A)
    __rt_lib_shutdown                        0x08000165   Thumb Code     0  libshutdown.o(.ARM.Collect$$libshutdown$$00000000)
    __rt_lib_shutdown_fp_trap_1              0x08000167   Thumb Code     0  libshutdown2.o(.ARM.Collect$$libshutdown$$00000006)
    __rt_lib_shutdown_heap_1                 0x08000167   Thumb Code     0  libshutdown2.o(.ARM.Collect$$libshutdown$$0000000E)
    __rt_lib_shutdown_return                 0x08000167   Thumb Code     0  libshutdown2.o(.ARM.Collect$$libshutdown$$0000000F)
    __rt_lib_shutdown_signal_1               0x08000167   Thumb Code     0  libshutdown2.o(.ARM.Collect$$libshutdown$$00000009)
    __rt_lib_shutdown_stdio_1                0x08000167   Thumb Code     0  libshutdown2.o(.ARM.Collect$$libshutdown$$00000003)
    __rt_lib_shutdown_user_alloc_1           0x08000167   Thumb Code     0  libshutdown2.o(.ARM.Collect$$libshutdown$$0000000B)
    __rt_entry                               0x08000169   Thumb Code     0  rtentry.o(.ARM.Collect$$rtentry$$00000000)
    __rt_entry_presh_1                       0x08000169   Thumb Code     0  rtentry2.o(.ARM.Collect$$rtentry$$00000002)
    __rt_entry_sh                            0x08000169   Thumb Code     0  rtentry4.o(.ARM.Collect$$rtentry$$00000004)
    __rt_entry_li                            0x0800016f   Thumb Code     0  rtentry2.o(.ARM.Collect$$rtentry$$0000000A)
    __rt_entry_postsh_1                      0x0800016f   Thumb Code     0  rtentry2.o(.ARM.Collect$$rtentry$$00000009)
    __rt_entry_main                          0x08000173   Thumb Code     0  rtentry2.o(.ARM.Collect$$rtentry$$0000000D)
    __rt_entry_postli_1                      0x08000173   Thumb Code     0  rtentry2.o(.ARM.Collect$$rtentry$$0000000C)
    __rt_exit                                0x0800017b   Thumb Code     0  rtexit.o(.ARM.Collect$$rtexit$$00000000)
    __rt_exit_ls                             0x0800017d   Thumb Code     0  rtexit2.o(.ARM.Collect$$rtexit$$00000003)
    __rt_exit_prels_1                        0x0800017d   Thumb Code     0  rtexit2.o(.ARM.Collect$$rtexit$$00000002)
    __rt_exit_exit                           0x08000181   Thumb Code     0  rtexit2.o(.ARM.Collect$$rtexit$$00000004)
    main                                     0x08000189   Thumb Code   332  main.o(.text)
    speed_sensor_init                        0x0800030d   Thumb Code    26  speed_sensor.o(.text)
    speed_sensor_time_based_method           0x08000327   Thumb Code    46  speed_sensor.o(.text)
    speed_sensor_tick_based_method           0x08000355   Thumb Code   110  speed_sensor.o(.text)
    speed_sensor_compute                     0x080003c3   Thumb Code    30  speed_sensor.o(.text)
    speed_sensor_get                         0x080003e1   Thumb Code    28  speed_sensor.o(.text)
    position_sensor_init                     0x08000419   Thumb Code    18  position_sensor.o(.text)
    position_sensor_compute                  0x0800042b   Thumb Code    60  position_sensor.o(.text)
    position_sensor_get                      0x08000467   Thumb Code    28  position_sensor.o(.text)
    car_direction_set                        0x08000495   Thumb Code     6  car.o(.text)
    car_direction_get                        0x0800049b   Thumb Code     6  car.o(.text)
    hall_sensor_start                        0x080004a5   Thumb Code    36  hall_sensor.o(.text)
    hall_sensor_reset                        0x080004c9   Thumb Code    62  hall_sensor.o(.text)
    hall_sensor_init                         0x08000507   Thumb Code    20  hall_sensor.o(.text)
    hall_sensor_update                       0x0800051b   Thumb Code   118  hall_sensor.o(.text)
    hall_sensor_callback                     0x08000591   Thumb Code    26  hall_sensor.o(.text)
    hall_sensor_get_sector                   0x080005ab   Thumb Code    18  hall_sensor.o(.text)
    hall_sensor_get_lap                      0x080005bd   Thumb Code    10  hall_sensor.o(.text)
    hall_sensor_get_last_pop                 0x080005c7   Thumb Code    44  hall_sensor.o(.text)
    hall_sensor_count_peridod_ticks          0x080005f3   Thumb Code    26  hall_sensor.o(.text)
    hall_sensor_get_number_ticks_in_period   0x0800060d   Thumb Code     8  hall_sensor.o(.text)
    callbacks_services_exti                  0x08000621   Thumb Code    24  callbacks_services.o(.text)
    callbacks_services_reset_time_to_next_hall_period 0x08000639   Thumb Code    10  callbacks_services.o(.text)
    callbacks_services_hall_period           0x08000643   Thumb Code    24  callbacks_services.o(.text)
    compress_speed                           0x08000661   Thumb Code   118  compress.o(.text)
    compress_position                        0x080006d7   Thumb Code   118  compress.o(.text)
    uncompress_speed                         0x08000785   Thumb Code    44  uncompress.o(.text)
    uncompress_position                      0x080007b1   Thumb Code     4  uncompress.o(.text)
    NMI_Handler                              0x080007bd   Thumb Code     2  stm32f10x_it.o(.text)
    HardFault_Handler                        0x080007bf   Thumb Code     2  stm32f10x_it.o(.text)
    MemManage_Handler                        0x080007c1   Thumb Code     2  stm32f10x_it.o(.text)
    BusFault_Handler                         0x080007c3   Thumb Code     2  stm32f10x_it.o(.text)
    UsageFault_Handler                       0x080007c5   Thumb Code     2  stm32f10x_it.o(.text)
    SVC_Handler                              0x080007c7   Thumb Code     2  stm32f10x_it.o(.text)
    DebugMon_Handler                         0x080007c9   Thumb Code     2  stm32f10x_it.o(.text)
    PendSV_Handler                           0x080007cb   Thumb Code     2  stm32f10x_it.o(.text)
    SysTick_Handler                          0x080007cd   Thumb Code    14  stm32f10x_it.o(.text)
    exti_callbacks                           0x080007dd   Thumb Code    32  stm32f10x_it.o(.text)
    EXTI0_IRQHandler                         0x080007fd   Thumb Code     4  stm32f10x_it.o(.text)
    EXTI1_IRQHandler                         0x08000801   Thumb Code     4  stm32f10x_it.o(.text)
    EXTI2_IRQHandler                         0x08000805   Thumb Code     4  stm32f10x_it.o(.text)
    EXTI3_IRQHandler                         0x08000809   Thumb Code     4  stm32f10x_it.o(.text)
    EXTI4_IRQHandler                         0x0800080d   Thumb Code     4  stm32f10x_it.o(.text)
    EXTI9_5_IRQHandler                       0x08000811   Thumb Code    38  stm32f10x_it.o(.text)
    EXTI15_10_IRQHandler                     0x08000837   Thumb Code    52  stm32f10x_it.o(.text)
    GPIO_ClockEnable                         0x0800086d   Thumb Code    88  gpio.o(.text)
    GPIO_QuickInit                           0x080008c5   Thumb Code    36  gpio.o(.text)
    systick_init                             0x08000905   Thumb Code    74  systick.o(.text)
    micros                                   0x0800094f   Thumb Code    28  systick.o(.text)
    systick_inc                              0x0800096b   Thumb Code    18  systick.o(.text)
    GPIO_Pin_to_GPIO_PinSource               0x080009a5   Thumb Code   150  exti.o(.text)
    GPIO_TypeDef_to_GPIO_PortSource          0x08000a3b   Thumb Code    74  exti.o(.text)
    Line_to_IRQn                             0x08000a85   Thumb Code   112  exti.o(.text)
    GPIO_Pin_to_EXTI_Line                    0x08000af5   Thumb Code   106  exti.o(.text)
    EXTI_QuickInit                           0x08000b5f   Thumb Code   164  exti.o(.text)
    NVIC_PriorityGroupConfig                 0x08000c21   Thumb Code    10  misc.o(.text)
    NVIC_Init                                0x08000c2b   Thumb Code    90  misc.o(.text)
    NVIC_SetVectorTable                      0x08000c85   Thumb Code    14  misc.o(.text)
    NVIC_SystemLPConfig                      0x08000c93   Thumb Code    20  misc.o(.text)
    SysTick_CLKSourceConfig                  0x08000ca7   Thumb Code    24  misc.o(.text)
    EXTI_DeInit                              0x08000cd1   Thumb Code    28  stm32f10x_exti.o(.text)
    EXTI_Init                                0x08000ced   Thumb Code   108  stm32f10x_exti.o(.text)
    EXTI_StructInit                          0x08000d59   Thumb Code    14  stm32f10x_exti.o(.text)
    EXTI_GenerateSWInterrupt                 0x08000d67   Thumb Code    12  stm32f10x_exti.o(.text)
    EXTI_GetFlagStatus                       0x08000d73   Thumb Code    18  stm32f10x_exti.o(.text)
    EXTI_ClearFlag                           0x08000d85   Thumb Code     8  stm32f10x_exti.o(.text)
    EXTI_GetITStatus                         0x08000d8d   Thumb Code    28  stm32f10x_exti.o(.text)
    EXTI_ClearITPendingBit                   0x08000da9   Thumb Code     8  stm32f10x_exti.o(.text)
    GPIO_DeInit                              0x08000db9   Thumb Code   152  stm32f10x_gpio.o(.text)
    GPIO_AFIODeInit                          0x08000e51   Thumb Code    22  stm32f10x_gpio.o(.text)
    GPIO_Init                                0x08000e67   Thumb Code   152  stm32f10x_gpio.o(.text)
    GPIO_StructInit                          0x08000eff   Thumb Code    16  stm32f10x_gpio.o(.text)
    GPIO_ReadInputDataBit                    0x08000f0f   Thumb Code    14  stm32f10x_gpio.o(.text)
    GPIO_ReadInputData                       0x08000f1d   Thumb Code     6  stm32f10x_gpio.o(.text)
    GPIO_ReadOutputDataBit                   0x08000f23   Thumb Code    14  stm32f10x_gpio.o(.text)
    GPIO_ReadOutputData                      0x08000f31   Thumb Code     6  stm32f10x_gpio.o(.text)
    GPIO_SetBits                             0x08000f37   Thumb Code     4  stm32f10x_gpio.o(.text)
    GPIO_ResetBits                           0x08000f3b   Thumb Code     4  stm32f10x_gpio.o(.text)
    GPIO_WriteBit                            0x08000f3f   Thumb Code    10  stm32f10x_gpio.o(.text)
    GPIO_Write                               0x08000f49   Thumb Code     4  stm32f10x_gpio.o(.text)
    GPIO_PinLockConfig                       0x08000f4d   Thumb Code    16  stm32f10x_gpio.o(.text)
    GPIO_EventOutputConfig                   0x08000f5d   Thumb Code    22  stm32f10x_gpio.o(.text)
    GPIO_EventOutputCmd                      0x08000f73   Thumb Code     6  stm32f10x_gpio.o(.text)
    GPIO_PinRemapConfig                      0x08000f79   Thumb Code    82  stm32f10x_gpio.o(.text)
    GPIO_EXTILineConfig                      0x08000fcb   Thumb Code    34  stm32f10x_gpio.o(.text)
    GPIO_ETH_MediaInterfaceConfig            0x08000fed   Thumb Code     8  stm32f10x_gpio.o(.text)
    RCC_DeInit                               0x08001019   Thumb Code    50  stm32f10x_rcc.o(.text)
    RCC_HSEConfig                            0x0800104b   Thumb Code    48  stm32f10x_rcc.o(.text)
    RCC_GetFlagStatus                        0x0800107b   Thumb Code    42  stm32f10x_rcc.o(.text)
    RCC_WaitForHSEStartUp                    0x080010a5   Thumb Code    44  stm32f10x_rcc.o(.text)
    RCC_AdjustHSICalibrationValue            0x080010d1   Thumb Code    16  stm32f10x_rcc.o(.text)
    RCC_HSICmd                               0x080010e1   Thumb Code     6  stm32f10x_rcc.o(.text)
    RCC_PLLConfig                            0x080010e7   Thumb Code    16  stm32f10x_rcc.o(.text)
    RCC_PLLCmd                               0x080010f7   Thumb Code     6  stm32f10x_rcc.o(.text)
    RCC_SYSCLKConfig                         0x080010fd   Thumb Code    14  stm32f10x_rcc.o(.text)
    RCC_GetSYSCLKSource                      0x0800110b   Thumb Code    10  stm32f10x_rcc.o(.text)
    RCC_HCLKConfig                           0x08001115   Thumb Code    14  stm32f10x_rcc.o(.text)
    RCC_PCLK1Config                          0x08001123   Thumb Code    14  stm32f10x_rcc.o(.text)
    RCC_PCLK2Config                          0x08001131   Thumb Code    16  stm32f10x_rcc.o(.text)
    RCC_ITConfig                             0x08001141   Thumb Code    18  stm32f10x_rcc.o(.text)
    RCC_USBCLKConfig                         0x08001153   Thumb Code     8  stm32f10x_rcc.o(.text)
    RCC_ADCCLKConfig                         0x0800115b   Thumb Code    14  stm32f10x_rcc.o(.text)
    RCC_LSEConfig                            0x08001169   Thumb Code    28  stm32f10x_rcc.o(.text)
    RCC_LSICmd                               0x08001185   Thumb Code     6  stm32f10x_rcc.o(.text)
    RCC_RTCCLKConfig                         0x0800118b   Thumb Code    10  stm32f10x_rcc.o(.text)
    RCC_RTCCLKCmd                            0x08001195   Thumb Code     8  stm32f10x_rcc.o(.text)
    RCC_GetClocksFreq                        0x0800119d   Thumb Code   132  stm32f10x_rcc.o(.text)
    RCC_AHBPeriphClockCmd                    0x08001221   Thumb Code    18  stm32f10x_rcc.o(.text)
    RCC_APB2PeriphClockCmd                   0x08001233   Thumb Code    18  stm32f10x_rcc.o(.text)
    RCC_APB1PeriphClockCmd                   0x08001245   Thumb Code    18  stm32f10x_rcc.o(.text)
    RCC_APB2PeriphResetCmd                   0x08001257   Thumb Code    18  stm32f10x_rcc.o(.text)
    RCC_APB1PeriphResetCmd                   0x08001269   Thumb Code    18  stm32f10x_rcc.o(.text)
    RCC_BackupResetCmd                       0x0800127b   Thumb Code     8  stm32f10x_rcc.o(.text)
    RCC_ClockSecuritySystemCmd               0x08001283   Thumb Code     6  stm32f10x_rcc.o(.text)
    RCC_MCOConfig                            0x08001289   Thumb Code     6  stm32f10x_rcc.o(.text)
    RCC_ClearFlag                            0x0800128f   Thumb Code    12  stm32f10x_rcc.o(.text)
    RCC_GetITStatus                          0x0800129b   Thumb Code    16  stm32f10x_rcc.o(.text)
    RCC_ClearITPendingBit                    0x080012ab   Thumb Code     6  stm32f10x_rcc.o(.text)
    SystemInit                               0x08001371   Thumb Code    64  system_stm32f10x.o(.text)
    SystemCoreClockUpdate                    0x080013b1   Thumb Code    86  system_stm32f10x.o(.text)
    Reset_Handler                            0x08001429   Thumb Code     8  startup_stm32f10x_md.o(.text)
    ADC1_2_IRQHandler                        0x08001443   Thumb Code     0  startup_stm32f10x_md.o(.text)
    CAN1_RX1_IRQHandler                      0x08001443   Thumb Code     0  startup_stm32f10x_md.o(.text)
    CAN1_SCE_IRQHandler                      0x08001443   Thumb Code     0  startup_stm32f10x_md.o(.text)
    DMA1_Channel1_IRQHandler                 0x08001443   Thumb Code     0  startup_stm32f10x_md.o(.text)
    DMA1_Channel2_IRQHandler                 0x08001443   Thumb Code     0  startup_stm32f10x_md.o(.text)
    DMA1_Channel3_IRQHandler                 0x08001443   Thumb Code     0  startup_stm32f10x_md.o(.text)
    DMA1_Channel4_IRQHandler                 0x08001443   Thumb Code     0  startup_stm32f10x_md.o(.text)
    DMA1_Channel5_IRQHandler                 0x08001443   Thumb Code     0  startup_stm32f10x_md.o(.text)
    DMA1_Channel6_IRQHandler                 0x08001443   Thumb Code     0  startup_stm32f10x_md.o(.text)
    DMA1_Channel7_IRQHandler                 0x08001443   Thumb Code     0  startup_stm32f10x_md.o(.text)
    FLASH_IRQHandler                         0x08001443   Thumb Code     0  startup_stm32f10x_md.o(.text)
    I2C1_ER_IRQHandler                       0x08001443   Thumb Code     0  startup_stm32f10x_md.o(.text)
    I2C1_EV_IRQHandler                       0x08001443   Thumb Code     0  startup_stm32f10x_md.o(.text)
    I2C2_ER_IRQHandler                       0x08001443   Thumb Code     0  startup_stm32f10x_md.o(.text)
    I2C2_EV_IRQHandler                       0x08001443   Thumb Code     0  startup_stm32f10x_md.o(.text)
    PVD_IRQHandler                           0x08001443   Thumb Code     0  startup_stm32f10x_md.o(.text)
    RCC_IRQHandler                           0x08001443   Thumb Code     0  startup_stm32f10x_md.o(.text)
    RTCAlarm_IRQHandler                      0x08001443   Thumb Code     0  startup_stm32f10x_md.o(.text)
    RTC_IRQHandler                           0x08001443   Thumb Code     0  startup_stm32f10x_md.o(.text)
    SPI1_IRQHandler                          0x08001443   Thumb Code     0  startup_stm32f10x_md.o(.text)
    SPI2_IRQHandler                          0x08001443   Thumb Code     0  startup_stm32f10x_md.o(.text)
    TAMPER_IRQHandler                        0x08001443   Thumb Code     0  startup_stm32f10x_md.o(.text)
    TIM1_BRK_IRQHandler                      0x08001443   Thumb Code     0  startup_stm32f10x_md.o(.text)
    TIM1_CC_IRQHandler                       0x08001443   Thumb Code     0  startup_stm32f10x_md.o(.text)
    TIM1_TRG_COM_IRQHandler                  0x08001443   Thumb Code     0  startup_stm32f10x_md.o(.text)
    TIM1_UP_IRQHandler                       0x08001443   Thumb Code     0  startup_stm32f10x_md.o(.text)
    TIM2_IRQHandler                          0x08001443   Thumb Code     0  startup_stm32f10x_md.o(.text)
    TIM3_IRQHandler                          0x08001443   Thumb Code     0  startup_stm32f10x_md.o(.text)
    TIM4_IRQHandler                          0x08001443   Thumb Code     0  startup_stm32f10x_md.o(.text)
    USART1_IRQHandler                        0x08001443   Thumb Code     0  startup_stm32f10x_md.o(.text)
    USART2_IRQHandler                        0x08001443   Thumb Code     0  startup_stm32f10x_md.o(.text)
    USART3_IRQHandler                        0x08001443   Thumb Code     0  startup_stm32f10x_md.o(.text)
    USBWakeUp_IRQHandler                     0x08001443   Thumb Code     0  startup_stm32f10x_md.o(.text)
    USB_HP_CAN1_TX_IRQHandler                0x08001443   Thumb Code     0  startup_stm32f10x_md.o(.text)
    USB_LP_CAN1_RX0_IRQHandler               0x08001443   Thumb Code     0  startup_stm32f10x_md.o(.text)
    WWDG_IRQHandler                          0x08001443   Thumb Code     0  startup_stm32f10x_md.o(.text)
    __user_initial_stackheap                 0x08001445   Thumb Code     0  startup_stm32f10x_md.o(.text)
    __use_two_region_memory                  0x08001469   Thumb Code     2  heapauxi.o(.text)
    __rt_heap_escrow$2region                 0x0800146b   Thumb Code     2  heapauxi.o(.text)
    __rt_heap_expand$2region                 0x0800146d   Thumb Code     2  heapauxi.o(.text)
    __user_setup_stackheap                   0x0800146f   Thumb Code    74  sys_stackheap_outer.o(.text)
    exit                                     0x080014b9   Thumb Code    12  exit.o(.text)
    __user_libspace                          0x080014c5   Thumb Code     8  libspace.o(.text)
    __user_perproc_libspace                  0x080014c5   Thumb Code     0  libspace.o(.text)
    __user_perthread_libspace                0x080014c5   Thumb Code     0  libspace.o(.text)
    _sys_exit                                0x080014cd   Thumb Code     8  sys_exit.o(.text)
    __I$use$semihosting                      0x080014d9   Thumb Code     0  use_no_semi.o(.text)
    __use_no_semihosting_swi                 0x080014d9   Thumb Code     2  use_no_semi.o(.text)
    __semihosting_library_function           0x080014db   Thumb Code     0  indicate_semi.o(.text)
    __aeabi_d2f                              0x080014dd   Thumb Code     0  d2f.o(x$fpl$d2f)
    _d2f                                     0x080014dd   Thumb Code    98  d2f.o(x$fpl$d2f)
    __aeabi_ddiv                             0x08001541   Thumb Code     0  ddiv.o(x$fpl$ddiv)
    _ddiv                                    0x08001541   Thumb Code   552  ddiv.o(x$fpl$ddiv)
    __aeabi_d2iz                             0x080017f1   Thumb Code     0  dfix.o(x$fpl$dfix)
    _dfix                                    0x080017f1   Thumb Code    94  dfix.o(x$fpl$dfix)
    __aeabi_d2uiz                            0x08001851   Thumb Code     0  dfixu.o(x$fpl$dfixu)
    _dfixu                                   0x08001851   Thumb Code    90  dfixu.o(x$fpl$dfixu)
    __aeabi_dmul                             0x080018ad   Thumb Code     0  dmul.o(x$fpl$dmul)
    _dmul                                    0x080018ad   Thumb Code   332  dmul.o(x$fpl$dmul)
    __fpl_dnaninf                            0x08001a01   Thumb Code   156  dnaninf.o(x$fpl$dnaninf)
    __fpl_dretinf                            0x08001a9d   Thumb Code    12  dretinf.o(x$fpl$dretinf)
    __aeabi_f2d                              0x08001aa9   Thumb Code     0  f2d.o(x$fpl$f2d)
    _f2d                                     0x08001aa9   Thumb Code    86  f2d.o(x$fpl$f2d)
    __aeabi_fadd                             0x08001b01   Thumb Code     0  faddsub_clz.o(x$fpl$fadd)
    _fadd                                    0x08001b01   Thumb Code   196  faddsub_clz.o(x$fpl$fadd)
    __aeabi_fdiv                             0x08001bc5   Thumb Code     0  fdiv.o(x$fpl$fdiv)
    _fdiv                                    0x08001bc5   Thumb Code   384  fdiv.o(x$fpl$fdiv)
    __aeabi_i2f                              0x08001d49   Thumb Code     0  fflt_clz.o(x$fpl$fflt)
    _fflt                                    0x08001d49   Thumb Code    48  fflt_clz.o(x$fpl$fflt)
    __aeabi_ul2f                             0x08001d79   Thumb Code     0  ffltll_clz.o(x$fpl$ffltll)
    _ll_uto_f                                0x08001d79   Thumb Code     6  ffltll_clz.o(x$fpl$ffltll)
    __aeabi_l2f                              0x08001d7f   Thumb Code     0  ffltll_clz.o(x$fpl$ffltll)
    _ll_sto_f                                0x08001d7f   Thumb Code    90  ffltll_clz.o(x$fpl$ffltll)
    __aeabi_ui2f                             0x08001dd9   Thumb Code     0  fflt_clz.o(x$fpl$ffltu)
    _ffltu                                   0x08001dd9   Thumb Code    38  fflt_clz.o(x$fpl$ffltu)
    __aeabi_fmul                             0x08001e01   Thumb Code     0  fmul.o(x$fpl$fmul)
    _fmul                                    0x08001e01   Thumb Code   258  fmul.o(x$fpl$fmul)
    __fpl_fnaninf                            0x08001f03   Thumb Code   140  fnaninf.o(x$fpl$fnaninf)
    __fpl_fretinf                            0x08001f8f   Thumb Code    10  fretinf.o(x$fpl$fretinf)
    __aeabi_fsub                             0x08001f99   Thumb Code     0  faddsub_clz.o(x$fpl$fsub)
    _fsub                                    0x08001f99   Thumb Code   234  faddsub_clz.o(x$fpl$fsub)
    __I$use$fp                               0x08002082   Number         0  usenofp.o(x$fpl$usenofp)
    Region$$Table$$Base                      0x08002084   Number         0  anon$$obj.o(Region$$Table)
    Region$$Table$$Limit                     0x080020a4   Number         0  anon$$obj.o(Region$$Table)
    jeanmichelposition                       0x20000000   Data           4  main.o(.data)
    jeanmichelvitesse                        0x20000004   Data           4  main.o(.data)
    jeanraymondposition                      0x20000008   Data           4  main.o(.data)
    jeanraymondvitesse                       0x2000000c   Data           4  main.o(.data)
    SAMPLE_TO_USE                            0x20000010   Data           1  speed_sensor.o(.data)
    speed                                    0x20000014   Data           8  speed_sensor.o(.data)
    speed_tick                               0x2000001c   Data           8  speed_sensor.o(.data)
    speed_time                               0x20000024   Data           8  speed_sensor.o(.data)
    position                                 0x2000002c   Data           8  position_sensor.o(.data)
    car_direction                            0x20000034   Data           1  car.o(.data)
    hall_sensor_current_periode_ticks        0x20000038   Data           2  hall_sensor.o(.data)
    hall_sensor_periode_ticks                0x2000003a   Data           2  hall_sensor.o(.data)
    hall_sensor_sector                       0x2000003c   Data           4  hall_sensor.o(.data)
    hall_sensor_number_of_pop                0x20000040   Data           8  hall_sensor.o(.data)
    hall_sensor_lap                          0x20000048   Data           8  hall_sensor.o(.data)
    remaining_time_to_hall_period            0x20000050   Data           4  callbacks_services.o(.data)
    SystemCoreClock                          0x20000074   Data           4  system_stm32f10x.o(.data)
    AHBPrescTable                            0x20000078   Data          16  system_stm32f10x.o(.data)
    hall_sensor_last_pops                    0x20000088   Data         576  hall_sensor.o(.bss)
    __libspace_start                         0x200002c8   Data          96  libspace.o(.bss)
    __temporary_stack_top$libspace           0x20000328   Data           0  libspace.o(.bss)



==============================================================================

Memory Map of the image

  Image Entry point : 0x08001429

  Load Region LR_1 (Base: 0x08000000, Size: 0x0000212c, Max: 0xffffffff, ABSOLUTE)

    Execution Region ER_RO (Base: 0x08000000, Size: 0x000020a4, Max: 0xffffffff, ABSOLUTE)

    Base Addr    Size         Type   Attr      Idx    E Section Name        Object

    0x08000000   0x000000ec   Data   RO          349    RESET               startup_stm32f10x_md.o
    0x080000ec   0x00000008   Code   RO          358  * !!!main             c_w.l(__main.o)
    0x080000f4   0x00000034   Code   RO          559    !!!scatter          c_w.l(__scatter.o)
    0x08000128   0x0000001a   Code   RO          561    !!handler_copy      c_w.l(__scatter_copy.o)
    0x08000142   0x00000002   PAD
    0x08000144   0x0000001c   Code   RO          563    !!handler_zi        c_w.l(__scatter_zi.o)
    0x08000160   0x00000002   Code   RO          432    .ARM.Collect$$libinit$$00000000  c_w.l(libinit.o)
    0x08000162   0x00000000   Code   RO          439    .ARM.Collect$$libinit$$00000002  c_w.l(libinit2.o)
    0x08000162   0x00000000   Code   RO          442    .ARM.Collect$$libinit$$00000008  c_w.l(libinit2.o)
    0x08000162   0x00000000   Code   RO          444    .ARM.Collect$$libinit$$0000000A  c_w.l(libinit2.o)
    0x08000162   0x00000000   Code   RO          446    .ARM.Collect$$libinit$$0000000C  c_w.l(libinit2.o)
    0x08000162   0x00000000   Code   RO          449    .ARM.Collect$$libinit$$0000000F  c_w.l(libinit2.o)
    0x08000162   0x00000000   Code   RO          451    .ARM.Collect$$libinit$$00000011  c_w.l(libinit2.o)
    0x08000162   0x00000000   Code   RO          453    .ARM.Collect$$libinit$$00000013  c_w.l(libinit2.o)
    0x08000162   0x00000000   Code   RO          455    .ARM.Collect$$libinit$$00000015  c_w.l(libinit2.o)
    0x08000162   0x00000000   Code   RO          457    .ARM.Collect$$libinit$$00000017  c_w.l(libinit2.o)
    0x08000162   0x00000000   Code   RO          459    .ARM.Collect$$libinit$$00000019  c_w.l(libinit2.o)
    0x08000162   0x00000000   Code   RO          461    .ARM.Collect$$libinit$$0000001B  c_w.l(libinit2.o)
    0x08000162   0x00000000   Code   RO          463    .ARM.Collect$$libinit$$0000001D  c_w.l(libinit2.o)
    0x08000162   0x00000000   Code   RO          465    .ARM.Collect$$libinit$$0000001F  c_w.l(libinit2.o)
    0x08000162   0x00000000   Code   RO          467    .ARM.Collect$$libinit$$00000021  c_w.l(libinit2.o)
    0x08000162   0x00000000   Code   RO          469    .ARM.Collect$$libinit$$00000023  c_w.l(libinit2.o)
    0x08000162   0x00000000   Code   RO          473    .ARM.Collect$$libinit$$0000002A  c_w.l(libinit2.o)
    0x08000162   0x00000000   Code   RO          475    .ARM.Collect$$libinit$$0000002C  c_w.l(libinit2.o)
    0x08000162   0x00000000   Code   RO          477    .ARM.Collect$$libinit$$0000002E  c_w.l(libinit2.o)
    0x08000162   0x00000000   Code   RO          479    .ARM.Collect$$libinit$$00000030  c_w.l(libinit2.o)
    0x08000162   0x00000002   Code   RO          480    .ARM.Collect$$libinit$$00000031  c_w.l(libinit2.o)
    0x08000164   0x00000002   Code   RO          500    .ARM.Collect$$libshutdown$$00000000  c_w.l(libshutdown.o)
    0x08000166   0x00000000   Code   RO          514    .ARM.Collect$$libshutdown$$00000003  c_w.l(libshutdown2.o)
    0x08000166   0x00000000   Code   RO          517    .ARM.Collect$$libshutdown$$00000006  c_w.l(libshutdown2.o)
    0x08000166   0x00000000   Code   RO          520    .ARM.Collect$$libshutdown$$00000009  c_w.l(libshutdown2.o)
    0x08000166   0x00000000   Code   RO          522    .ARM.Collect$$libshutdown$$0000000B  c_w.l(libshutdown2.o)
    0x08000166   0x00000000   Code   RO          525    .ARM.Collect$$libshutdown$$0000000E  c_w.l(libshutdown2.o)
    0x08000166   0x00000002   Code   RO          526    .ARM.Collect$$libshutdown$$0000000F  c_w.l(libshutdown2.o)
    0x08000168   0x00000000   Code   RO          398    .ARM.Collect$$rtentry$$00000000  c_w.l(rtentry.o)
    0x08000168   0x00000000   Code   RO          409    .ARM.Collect$$rtentry$$00000002  c_w.l(rtentry2.o)
    0x08000168   0x00000006   Code   RO          421    .ARM.Collect$$rtentry$$00000004  c_w.l(rtentry4.o)
    0x0800016e   0x00000000   Code   RO          411    .ARM.Collect$$rtentry$$00000009  c_w.l(rtentry2.o)
    0x0800016e   0x00000004   Code   RO          412    .ARM.Collect$$rtentry$$0000000A  c_w.l(rtentry2.o)
    0x08000172   0x00000000   Code   RO          414    .ARM.Collect$$rtentry$$0000000C  c_w.l(rtentry2.o)
    0x08000172   0x00000008   Code   RO          415    .ARM.Collect$$rtentry$$0000000D  c_w.l(rtentry2.o)
    0x0800017a   0x00000002   Code   RO          436    .ARM.Collect$$rtexit$$00000000  c_w.l(rtexit.o)
    0x0800017c   0x00000000   Code   RO          482    .ARM.Collect$$rtexit$$00000002  c_w.l(rtexit2.o)
    0x0800017c   0x00000004   Code   RO          483    .ARM.Collect$$rtexit$$00000003  c_w.l(rtexit2.o)
    0x08000180   0x00000006   Code   RO          484    .ARM.Collect$$rtexit$$00000004  c_w.l(rtexit2.o)
    0x08000186   0x00000002   PAD
    0x08000188   0x00000184   Code   RO            1    .text               main.o
    0x0800030c   0x0000010c   Code   RO           75    .text               speed_sensor.o
    0x08000418   0x0000007c   Code   RO           94    .text               position_sensor.o
    0x08000494   0x00000010   Code   RO          109    .text               car.o
    0x080004a4   0x0000017c   Code   RO          124    .text               hall_sensor.o
    0x08000620   0x00000040   Code   RO          149    .text               callbacks_services.o
    0x08000660   0x00000124   Code   RO          165    .text               compress.o
    0x08000784   0x00000038   Code   RO          177    .text               uncompress.o
    0x080007bc   0x000000ae   Code   RO          210    .text               stm32f10x_it.o
    0x0800086a   0x00000002   PAD
    0x0800086c   0x00000098   Code   RO          226    .text               gpio.o
    0x08000904   0x000000a0   Code   RO          238    .text               systick.o
    0x080009a4   0x0000027c   Code   RO          256    .text               exti.o
    0x08000c20   0x000000b0   Code   RO          268    .text               misc.o
    0x08000cd0   0x000000e8   Code   RO          280    .text               stm32f10x_exti.o
    0x08000db8   0x00000260   Code   RO          292    .text               stm32f10x_gpio.o
    0x08001018   0x000002b8   Code   RO          304    .text               stm32f10x_rcc.o
    0x080012d0   0x00000158   Code   RO          329    .text               system_stm32f10x.o
    0x08001428   0x00000040   Code   RO          350  * .text               startup_stm32f10x_md.o
    0x08001468   0x00000006   Code   RO          356    .text               c_w.l(heapauxi.o)
    0x0800146e   0x0000004a   Code   RO          423    .text               c_w.l(sys_stackheap_outer.o)
    0x080014b8   0x0000000c   Code   RO          425    .text               c_w.l(exit.o)
    0x080014c4   0x00000008   Code   RO          433    .text               c_w.l(libspace.o)
    0x080014cc   0x0000000c   Code   RO          492    .text               c_w.l(sys_exit.o)
    0x080014d8   0x00000002   Code   RO          503    .text               c_w.l(use_no_semi.o)
    0x080014da   0x00000000   Code   RO          505    .text               c_w.l(indicate_semi.o)
    0x080014da   0x00000002   PAD
    0x080014dc   0x00000062   Code   RO          360    x$fpl$d2f           fz_ws.l(d2f.o)
    0x0800153e   0x00000002   PAD
    0x08001540   0x000002b0   Code   RO          363    x$fpl$ddiv          fz_ws.l(ddiv.o)
    0x080017f0   0x0000005e   Code   RO          366    x$fpl$dfix          fz_ws.l(dfix.o)
    0x0800184e   0x00000002   PAD
    0x08001850   0x0000005a   Code   RO          370    x$fpl$dfixu         fz_ws.l(dfixu.o)
    0x080018aa   0x00000002   PAD
    0x080018ac   0x00000154   Code   RO          374    x$fpl$dmul          fz_ws.l(dmul.o)
    0x08001a00   0x0000009c   Code   RO          399    x$fpl$dnaninf       fz_ws.l(dnaninf.o)
    0x08001a9c   0x0000000c   Code   RO          401    x$fpl$dretinf       fz_ws.l(dretinf.o)
    0x08001aa8   0x00000056   Code   RO          376    x$fpl$f2d           fz_ws.l(f2d.o)
    0x08001afe   0x00000002   PAD
    0x08001b00   0x000000c4   Code   RO          378    x$fpl$fadd          fz_ws.l(faddsub_clz.o)
    0x08001bc4   0x00000184   Code   RO          385    x$fpl$fdiv          fz_ws.l(fdiv.o)
    0x08001d48   0x00000030   Code   RO          389    x$fpl$fflt          fz_ws.l(fflt_clz.o)
    0x08001d78   0x00000060   Code   RO          394    x$fpl$ffltll        fz_ws.l(ffltll_clz.o)
    0x08001dd8   0x00000026   Code   RO          388    x$fpl$ffltu         fz_ws.l(fflt_clz.o)
    0x08001dfe   0x00000002   PAD
    0x08001e00   0x00000102   Code   RO          396    x$fpl$fmul          fz_ws.l(fmul.o)
    0x08001f02   0x0000008c   Code   RO          403    x$fpl$fnaninf       fz_ws.l(fnaninf.o)
    0x08001f8e   0x0000000a   Code   RO          405    x$fpl$fretinf       fz_ws.l(fretinf.o)
    0x08001f98   0x000000ea   Code   RO          380    x$fpl$fsub          fz_ws.l(faddsub_clz.o)
    0x08002082   0x00000000   Code   RO          407    x$fpl$usenofp       fz_ws.l(usenofp.o)
    0x08002082   0x00000002   PAD
    0x08002084   0x00000020   Data   RO          557    Region$$Table       anon$$obj.o


    Execution Region ER_RW (Base: 0x20000000, Size: 0x00000088, Max: 0xffffffff, ABSOLUTE)

    Base Addr    Size         Type   Attr      Idx    E Section Name        Object

    0x20000000   0x00000010   Data   RW            2    .data               main.o
    0x20000010   0x0000001c   Data   RW           76    .data               speed_sensor.o
    0x2000002c   0x00000008   Data   RW           95    .data               position_sensor.o
    0x20000034   0x00000001   Data   RW          110    .data               car.o
    0x20000035   0x00000003   PAD
    0x20000038   0x00000018   Data   RW          126    .data               hall_sensor.o
    0x20000050   0x00000004   Data   RW          150    .data               callbacks_services.o
    0x20000054   0x00000004   PAD
    0x20000058   0x00000008   Data   RW          239    .data               systick.o
    0x20000060   0x00000014   Data   RW          305    .data               stm32f10x_rcc.o
    0x20000074   0x00000014   Data   RW          330    .data               system_stm32f10x.o


    Execution Region ER_ZI (Base: 0x20000088, Size: 0x000008a0, Max: 0xffffffff, ABSOLUTE)

    Base Addr    Size         Type   Attr      Idx    E Section Name        Object

    0x20000088   0x00000240   Zero   RW          125    .bss                hall_sensor.o
    0x200002c8   0x00000060   Zero   RW          434    .bss                c_w.l(libspace.o)
    0x20000328   0x00000200   Zero   RW          348    HEAP                startup_stm32f10x_md.o
    0x20000528   0x00000400   Zero   RW          347    STACK               startup_stm32f10x_md.o


==============================================================================

Image component sizes


      Code (inc. data)   RO Data    RW Data    ZI Data      Debug   Object Name

        64          6          0          4          0       1697   callbacks_services.o
        16          4          0          1          0        842   car.o
       292         56          0          0          0        883   compress.o
         0          0          0          0          0         32   core_cm3.o
       636         30          0          0          0       3091   exti.o
       152         28          0          0          0       1026   gpio.o
       380         12          0         24        576       3751   hall_sensor.o
       388         56          0         16          0     228673   main.o
       176         18          0          0          0       1853   misc.o
       124         18          0          8          0       1622   position_sensor.o
       268         28          0         28          0       2374   speed_sensor.o
        64         26        236          0       1536        928   startup_stm32f10x_md.o
       232          8          0          0          0       2283   stm32f10x_exti.o
       608         36          0          0          0       5121   stm32f10x_gpio.o
       174          0          0          0          0       2900   stm32f10x_it.o
       696         32          0         20          0       8280   stm32f10x_rcc.o
       344         34          0         20          0       2143   system_stm32f10x.o
       160         18          0          8          0      16409   systick.o
        56          8          0          0          0        807   uncompress.o

    ----------------------------------------------------------------------
      4832        418        268        136       2112     284715   Object Totals
         0          0         32          0          0          0   (incl. Generated)
         2          0          0          7          0          0   (incl. Padding)

    ----------------------------------------------------------------------

      Code (inc. data)   RO Data    RW Data    ZI Data      Debug   Library Member Name

         8          0          0          0          0         68   __main.o
        52          8          0          0          0          0   __scatter.o
        26          0          0          0          0          0   __scatter_copy.o
        28          0          0          0          0          0   __scatter_zi.o
        12          0          0          0          0         72   exit.o
         6          0          0          0          0        152   heapauxi.o
         0          0          0          0          0          0   indicate_semi.o
         2          0          0          0          0          0   libinit.o
         2          0          0          0          0          0   libinit2.o
         2          0          0          0          0          0   libshutdown.o
         2          0          0          0          0          0   libshutdown2.o
         8          4          0          0         96         68   libspace.o
         0          0          0          0          0          0   rtentry.o
        12          0          0          0          0          0   rtentry2.o
         6          0          0          0          0          0   rtentry4.o
         2          0          0          0          0          0   rtexit.o
        10          0          0          0          0          0   rtexit2.o
        12          4          0          0          0         68   sys_exit.o
        74          0          0          0          0         80   sys_stackheap_outer.o
         2          0          0          0          0         68   use_no_semi.o
        98          4          0          0          0         92   d2f.o
       688        140          0          0          0        208   ddiv.o
        94          4          0          0          0         92   dfix.o
        90          4          0          0          0         92   dfixu.o
       340         12          0          0          0        104   dmul.o
       156          4          0          0          0         92   dnaninf.o
        12          0          0          0          0         68   dretinf.o
        86          4          0          0          0         84   f2d.o
       430          8          0          0          0        168   faddsub_clz.o
       388         76          0          0          0         96   fdiv.o
        86          0          0          0          0        136   fflt_clz.o
        96          0          0          0          0         84   ffltll_clz.o
       258          4          0          0          0         84   fmul.o
       140          4          0          0          0         84   fnaninf.o
        10          0          0          0          0         68   fretinf.o
         0          0          0          0          0          0   usenofp.o

    ----------------------------------------------------------------------
      3256        280          0          0         96       2128   Library Totals
        18          0          0          0          0          0   (incl. Padding)

    ----------------------------------------------------------------------

      Code (inc. data)   RO Data    RW Data    ZI Data      Debug   Library Name

       266         16          0          0         96        576   c_w.l
      2972        264          0          0          0       1552   fz_ws.l

    ----------------------------------------------------------------------
      3256        280          0          0         96       2128   Library Totals

    ----------------------------------------------------------------------

==============================================================================


      Code (inc. data)   RO Data    RW Data    ZI Data      Debug   

      8088        698        268        136       2208     283671   Grand Totals
      8088        698        268        136       2208     283671   ELF Image Totals
      8088        698        268        136          0          0   ROM Totals

==============================================================================

    Total RO  Size (Code + RO Data)                 8356 (   8.16kB)
    Total RW  Size (RW Data + ZI Data)              2344 (   2.29kB)
    Total ROM Size (Code + RO Data + RW Data)       8492 (   8.29kB)

==============================================================================

