<html>
<body>
<pre>
<h1>µVision Build Log</h1>
<h2>Project:</h2>
C:\Users\Clément\Documents\Cours\ProjetCurtis\curtisteamgit\Code\Projects_STM32\Project_Speed_Sensor\MDK-ARM\Project_Speed_Sensor.uvproj
Project File Date:  12/01/2016

<h2>Output:</h2>
Build target 'NUCLEO-F103RB'
compiling stm32f10x_it.c...
compiling exti.c...
linking...
Program Size: Code=9320 RO-data=268 RW-data=128 ZI-data=2208  
".\Release\project.axf" - 0 Error(s), 0 Warning(s).
Load "C:\\Users\\Clément\\Documents\\Cours\\ProjetCurtis\\curtisteamgit\\Code\\Projects_STM32\\Project_Speed_Sensor\\MDK-ARM\\Release\\project.axf" 
Erase Done.
Programming Done.
Verify OK.
Application running ...
e.
Programming Done.
Verify OK.
Application running ...
de\\Projects_STM32\\Project_Speed_Sensor\\MDK-ARM\\Release\\project.axf" 
Erase Done.
Programming Done.
Verify OK.
Application running ...
\Release\project.axf" - 0 Error(s), 0 Warning(s).
Load "C:\\Users\\Clément\\Documents\\Cours\\ProjetCurtis\\curtisteamgit\\Code\\Projects_STM32\\Project_Speed_Sensor\\MDK-ARM\\Release\\project.axf" 
Erase Done.
Programming Done.
Verify OK.
Application running ...
lease\project.axf" - 1 Error(s), 2 Warning(s).
Target not created
compiling stm32f10x_it.c...
"..\Drivers\stm32f10x_it.c" - 0 Error(s), 0 Warning(s).
