<html>
<body>
<pre>
<h1>µVision Build Log</h1>
<h2>Project:</h2>
C:\Users\Clément\Documents\Cours\ProjetCurtis\curtisteamgit\Code\Projects_STM32\Project_Speed_Sensor\MDK-ARM\Project_Speed_Sensor.uvproj
Project File Date:  12/01/2016

<h2>Output:</h2>
Build target 'NUCLEO-F103RB'
compiling position_sensor.c...
linking...
Program Size: Code=9336 RO-data=268 RW-data=104 ZI-data=2208  
".\Release\project.axf" - 0 Error(s), 0 Warning(s).
Load "C:\\Users\\Clément\\Documents\\Cours\\ProjetCurtis\\curtisteamgit\\Code\\Projects_STM32\\Project_Speed_Sensor\\MDK-ARM\\Release\\project.axf" 
Erase Done.
Programming Done.
Verify OK.
Application running ...
tion running ...

Programming Done.
Verify OK.
Application running ...
piling callbacks_services.c...
".\Release\project.axf" - 2 Error(s), 0 Warning(s).
Target not created
f" - 2 Error(s), 0 Warning(s).
Target not created
 Error(s), 2 Warning(s).
Target not created
ompress.c...
..\Services\uncompress.c(27): warning:  #177-D: variable "a" was declared but never referenced
        float a = SPEED_POSITIVE_RESCALER; 
..\Services\uncompress.c(28): warning:  #177-D: variable "b" was declared but never referenced
        float b = SPEED_NEGATIVE_RESCALER;
..\Services\uncompress.c: 2 warnings, 0 errors
linking...
Program Size: Code=9156 RO-data=268 RW-data=88 ZI-data=1712  
".\Release\project.axf" - 0 Error(s), 6 Warning(s).
