<html>
<body>
<pre>
<h1>µVision Build Log</h1>
<h2>Project:</h2>
C:\Users\Clément\Documents\Cours\ProjetCurtis\curtisteamgit\Code\Projects_STM32\Project_Speed_Sensor++\MDK-ARM\Project_Speed_Sensor.uvproj
Project File Date:  12/01/2016

<h2>Output:</h2>
Rebuild target 'NUCLEO-F103RB'
compiling main.c...
compiling speed_sensor.c...
compiling position_sensor.c...
compiling hall_sensor.c...
compiling callbacks_services.c...
compiling compress.c...
compiling uncompress.c...
compiling data.c...
compiling stm32f10x_it.c...
compiling gpio.c...
compiling systick.c...
compiling exti.c...
compiling misc.c...
compiling stm32f10x_exti.c...
compiling stm32f10x_gpio.c...
compiling stm32f10x_rcc.c...
compiling core_cm3.c...
compiling system_stm32f10x.c...
assembling startup_stm32f10x_md.s...
linking...
Program Size: Code=7144 RO-data=268 RW-data=88 ZI-data=1712  
".\Release\project.axf" - 0 Error(s), 0 Warning(s).
