<html>
<body>
<pre>
<h1>µVision Build Log</h1>
<h2>Project:</h2>
C:\Users\Clément\Documents\Cours\ProjetCurtis\curtisteamgit\CurtisProject\Project_Template\MDK-ARM\Project_Template.uvproj
Project File Date:  01/20/2017

<h2>Output:</h2>
Build target 'NUCLEO-F103RB'
compiling main.c...
compiling manager.c...
compiling battery.c...
compiling data_interface.c...
compiling driver_callbacks.c...
compiling frame_check.c...
compiling front_motor.c...
compiling hall_sensors.c...
compiling init.c...
compiling mirroring.c...
compiling motors.c...
compiling position_sensors.c...
compiling rear_motors.c...
compiling speed_sensors.c...
compiling spi_comm.c...
compiling system_time.c...
compiling us_sensors.c...
compiling adc.c...
compiling debug.c...
compiling dma.c...
compiling exti.c...
compiling gpio.c...
compiling it_handlers.c...
compiling nvic.c...
compiling pwm.c...
compiling spi.c...
compiling systick.c...
compiling tim.c...
compiling tim_ic.c...
compiling misc.c...
compiling stm32f10x_adc.c...
compiling stm32f10x_dma.c...
compiling stm32f10x_exti.c...
compiling stm32f10x_gpio.c...
compiling stm32f10x_rcc.c...
compiling stm32f10x_spi.c...
compiling stm32f10x_tim.c...
compiling core_cm3.c...
compiling system_stm32f10x.c...
assembling startup_stm32f10x_md.s...
linking...
Program Size: Code=23424 RO-data=268 RW-data=212 ZI-data=2900  
".\Release\project.axf" - 0 Error(s), 0 Warning(s).
</pre>
</body>
</html>
