<html>
<body>
<pre>
<h1>µVision Build Log</h1>
<h2>Project:</h2>
C:\Users\Kévin\Google Drive\INSA\5A\Projet_SEC_UnderSoftware\Code_STM32\CurtisCar\Projects\SPI_Test2\SPI_Test.uvproj
Project File Date:  11/03/2016

<h2>Output:</h2>
Build target 'NUCLEO-F103RB'
linking...
Program Size: Code=4924 RO-data=268 RW-data=76 ZI-data=1716  
".\Release\project.axf" - 0 Error(s), 0 Warning(s).
Load "C:\\Users\\Kévin\\Google Drive\\INSA\\5A\\Projet_SEC_UnderSoftware\\Code_STM32\\CurtisCar\\Projects\\SPI_Test2\\Release\\project.axf" 
Erase Done.
Programming Done.
Verify OK.
Application running ...
</pre>
</body>
</html>
PI_Cmd (referred from main.o).
.\Release\project.axf: Error: L6218E: Undefined symbol SPI_I2S_DMACmd (referred from main.o).
.\Release\project.axf: Error: L6218E: Undefined symbol SPI_Init (referred from main.o).
.\Release\project.axf: Error: L6218E: Undefined symbol DMA_DeInit (referred from spi_interface.o).
.\Release\project.axf: Error: L6218E: Undefined symbol DMA_ITConfig (referred from spi_interface.o).
.\Release\project.axf: Error: L6218E: Undefined symbol DMA_StructInit (referred from spi_interface.o).
.\Release\project.axf: Error: L6218E: Undefined symbol NVIC_Init (referred from spi_interface.o).
.\Release\project.axf: Error: L6218E: Undefined symbol SPI_I2S_DeInit (referred from spi_interface.o).
.\Release\project.axf: Error: L6218E: Undefined symbol SPI_StructInit (referred from spi_interface.o).
Not enough information to list image symbols.
Finished: 1 information, 0 warning and 12 error messages.
".\Release\project.axf" - 12 Error(s), 0 Warning(s).
Target not created
