<html>
<body>
<pre>
<h1>µVision Build Log</h1>
<h2>Project:</h2>
C:\Users\Kévin\Documents\Etudes\INSA\5SEC-RDS_2016-2017\Projet_SEC\GIT\curtisteamgit\Code\Projects_STM32\SPI_Test\MDK-ARM\SPI_Test.uvproj
Project File Date:  11/30/2016

<h2>Output:</h2>
Build target 'NUCLEO-F103RB'
compiling stm32f10x_it.c...
compiling spicomm_st.c...
linking...
Program Size: Code=5868 RO-data=268 RW-data=72 ZI-data=2192  
".\Release\project.axf" - 0 Error(s), 0 Warning(s).
</pre>
</body>
</html>
piling stm32f10x_gpio.c...
compiling stm32f10x_rcc.c...
compiling stm32f10x_spi.c...
compiling core_cm3.c...
compiling system_stm32f10x.c...
assembling startup_stm32f10x_md.s...
linking...
Program Size: Code=5868 RO-data=268 RW-data=72 ZI-data=2192  
".\Release\project.axf" - 0 Error(s), 0 Warning(s).
int32_t)DMA1_Channel5, (uint32_t)DMA1_Channel6, (uint32_t)DMA1_Channel7},
..\Drivers\stm32f10x_it.c(41): warning:  #1296-D: extended constant initialiser used
     {0            , (uint32_t)DMA1_Channel1, (uint32_t)DMA1_Channel2, (uint32_t)DMA1_Channel3, (uint32_t)DMA1_Channel4, (uint32_t)DMA1_Channel5, (uint32_t)DMA1_Channel6, (uint32_t)DMA1_Channel7},
..\Drivers\stm32f10x_it.c(41): warning:  #1296-D: extended constant initialiser used
     {0            , (uint32_t)DMA1_Channel1, (uint32_t)DMA1_Channel2, (uint32_t)DMA1_Channel3, (uint32_t)DMA1_Channel4, (uint32_t)DMA1_Channel5, (uint32_t)DMA1_Channel6, (uint32_t)DMA1_Channel7},
..\Drivers\stm32f10x_it.c(41): warning:  #1296-D: extended constant initialiser used
     {0            , (uint32_t)DMA1_Channel1, (uint32_t)DMA1_Channel2, (uint32_t)DMA1_Channel3, (uint32_t)DMA1_Channel4, (uint32_t)DMA1_Channel5, (uint32_t)DMA1_Channel6, (uint32_t)DMA1_Channel7},
..\Drivers\stm32f10x_it.c(41): warning:  #1296-D: extended constant initialiser used
     {0            , (uint32_t)DMA1_Channel1, (uint32_t)DMA1_Channel2, (uint32_t)DMA1_Channel3, (uint32_t)DMA1_Channel4, (uint32_t)DMA1_Channel5, (uint32_t)DMA1_Channel6, (uint32_t)DMA1_Channel7},
..\Drivers\stm32f10x_it.c(41): warning:  #1296-D: extended constant initialiser used
     {0            , (uint32_t)DMA1_Channel1, (uint32_t)DMA1_Channel2, (uint32_t)DMA1_Channel3, (uint32_t)DMA1_Channel4, (uint32_t)DMA1_Channel5, (uint32_t)DMA1_Channel6, (uint32_t)DMA1_Channel7},
..\Drivers\stm32f10x_it.c(42): warning:  #1296-D: extended constant initialiser used
     {0            , (uint32_t)DMA2_Channel1, (uint32_t)DMA2_Channel2, (uint32_t)DMA2_Channel3, (uint32_t)DMA2_Channel4, (uint32_t)DMA2_Channel5, 0            , 0            }
..\Drivers\stm32f10x_it.c(42): warning:  #1296-D: extended constant initialiser used
     {0            , (uint32_t)DMA2_Channel1, (uint32_t)DMA2_Channel2, (uint32_t)DMA2_Channel3, (uint32_t)DMA2_Channel4, (uint32_t)DMA2_Channel5, 0            , 0            }
..\Drivers\stm32f10x_it.c(42): warning:  #1296-D: extended constant initialiser used
     {0            , (uint32_t)DMA2_Channel1, (uint32_t)DMA2_Channel2, (uint32_t)DMA2_Channel3, (uint32_t)DMA2_Channel4, (uint32_t)DMA2_Channel5, 0            , 0            }
..\Drivers\stm32f10x_it.c(42): warning:  #1296-D: extended constant initialiser used
     {0            , (uint32_t)DMA2_Channel1, (uint32_t)DMA2_Channel2, (uint32_t)DMA2_Channel3, (uint32_t)DMA2_Channel4, (uint32_t)DMA2_Channel5, 0            , 0            }
..\Drivers\stm32f10x_it.c(42): warning:  #1296-D: extended constant initialiser used
     {0            , (uint32_t)DMA2_Channel1, (uint32_t)DMA2_Channel2, (uint32_t)DMA2_Channel3, (uint32_t)DMA2_Channel4, (uint32_t)DMA2_Channel5, 0            , 0            }
..\Drivers\stm32f10x_it.c: 12 warnings, 0 errors
compiling spicomm_st.c...
linking...
Program Size: Code=5868 RO-data=268 RW-data=72 ZI-data=2192  
".\Release\project.axf" - 0 Error(s), 12 Warning(s).
