<html>
<body>
<pre>
<h1>µVision Build Log</h1>
<h2>Project:</h2>
C:\Users\Kévin\Documents\Etudes\INSA\5SEC-RDS_2016-2017\Projet_SEC\GIT\curtisteamgit\Code\Projects_STM32\SPI_Test\MDK-ARM\SPI_Test.uvproj
Project File Date:  11/28/2016

<h2>Output:</h2>
Build target 'NUCLEO-F103RB'
compiling main.c...
compiling mirroring_st.c...
compiling data.c...
linking...
Program Size: Code=5800 RO-data=268 RW-data=68 ZI-data=2220  
".\Release\project.axf" - 0 Error(s), 0 Warning(s).
Load "C:\\Users\\Kévin\\Documents\\Etudes\\INSA\\5SEC-RDS_2016-2017\\Projet_SEC\\GIT\\curtisteamgit\\Code\\Projects_STM32\\SPI_Test\\MDK-ARM\\Release\\project.axf" 
Erase Done.
Programming Done.
Verify OK.
Application running ...
RDS_2016-2017\\Projet_SEC\\GIT\\curtisteamgit\\Code\\Projects_STM32\\SPI_Test\\MDK-ARM\\Release\\project.axf" 
Erase Done.
Programming Done.
Verify OK.
Application running ...
2016-2017\\Projet_SEC\\GIT\\curtisteamgit\\Code\\Projects_STM32\\SPI_Test\\MDK-ARM\\Release\\project.axf" 
_____^
*** error 56: cannot open file
Error: Flash Download failed  -  Could not load file 'C:\Users\Kévin\Documents\Etudes\INSA\5SEC-RDS_2016-2017\Projet_SEC\GIT\curtisteamgit\Code\Projects_STM32\SPI_Test\MDK-ARM\Release\project.axf'
