<html>
<body>
<pre>
<h1>µVision Build Log</h1>
<h2>Project:</h2>
E:\5SEC\Git_Curtis\curtisteamgit\Code\Projects_STM32\Get_Batterie\MDK-ARM\Get_Batterie.uvproj
Project File Date:  12/14/2016

<h2>Output:</h2>
Rebuild target 'NUCLEO-F103RB'
compiling main.c...
compiling battery.c...
compiling stm32f10x_it.c...
compiling adc.c...
compiling misc.c...
compiling stm32f10x_adc.c...
compiling stm32f10x_dma.c...
compiling stm32f10x_exti.c...
compiling stm32f10x_gpio.c...
compiling stm32f10x_rcc.c...
compiling stm32f10x_spi.c...
compiling stm32f10x_tim.c...
compiling core_cm3.c...
compiling system_stm32f10x.c...
assembling startup_stm32f10x_md.s...
linking...
Program Size: Code=5444 RO-data=268 RW-data=48 ZI-data=1632  
".\Release\project.axf" - 0 Error(s), 0 Warning(s).
Load "E:\\5SEC\\Git_Curtis\\curtisteamgit\\Code\\Projects_STM32\\Get_Batterie\\MDK-ARM\\Release\\project.axf" 
Erase Done.
Programming Done.
Verify OK.
Application running ...
</pre>
</body>
</html>
