<html>
<body>
<pre>
<h1>µVision Build Log</h1>
<h2>Project:</h2>
E:\5SEC\Git_Curtis\curtisteamgit\Code\Projects_STM32\Front_Motor\MDK-ARM\Front_Motor.uvproj
Project File Date:  12/15/2016

<h2>Output:</h2>
Build target 'NUCLEO-F103RB'
linking...
Program Size: Code=9796 RO-data=268 RW-data=56 ZI-data=1632  
".\Release\project.axf" - 0 Error(s), 0 Warning(s).
</pre>
</body>
</html>
exti.c...
compiling gpio.c...
compiling misc.c...
compiling stm32f10x_adc.c...
compiling stm32f10x_dma.c...
compiling stm32f10x_exti.c...
compiling stm32f10x_gpio.c...
compiling stm32f10x_rcc.c...
compiling stm32f10x_spi.c...
compiling stm32f10x_tim.c...
compiling core_cm3.c...
compiling system_stm32f10x.c...
assembling startup_stm32f10x_md.s...
linking...
Program Size: Code=9796 RO-data=268 RW-data=56 ZI-data=1632  
".\Release\project.axf" - 0 Error(s), 0 Warning(s).
