<html>
<body>
<pre>
<h1>µVision Build Log</h1>
<h2>Project:</h2>
D:\Estudo\GitHub\curtisteamgit\Code\Projects_STM32\Moteurs_Test\MDK-ARM\Moteurs_Test.uvproj
Project File Date:  12/01/2016

<h2>Output:</h2>
Rebuild target 'NUCLEO-F103RB'
compiling main.c...
compiling motor.c...
compiling pwm.c...
compiling timer.c...
compiling gpio.c...
compiling misc.c...
compiling stm32f10x_gpio.c...
compiling stm32f10x_rcc.c...
compiling stm32f10x_tim.c...
compiling core_cm3.c...
compiling system_stm32f10x.c...
assembling startup_stm32f10x_md.s...
linking...
Program Size: Code=11960 RO-data=268 RW-data=56 ZI-data=1632  
".\Release\project.axf" - 0 Error(s), 0 Warning(s).
compiling main.c...
"..\Application\main.c" - 0 Error(s), 0 Warning(s).
.
assembling startup_stm32f10x_md.s...
".\Release\project.axf" - 2 Error(s), 0 Warning(s).
Target not created
ase\project.axf'. Debugger aborted !

..\Drivers\timer.c: 1 warning, 1 error
"..\Drivers\timer.c" - 1 Error(s), 1 Warning(s).
ng stm32f10x_tim.c...
compiling core_cm3.c...
compiling system_stm32f10x.c...
assembling startup_stm32f10x_md.s...
".\Release\project.axf" - 3 Error(s), 2 Warning(s).
Target not created
Error: Could not load file 'D:\Estudo\GitHub\curtisteamgit\Code\Projects_STM32\Moteurs_Test\MDK-ARM\Release\project.axf'. Debugger aborted !
ction "pwm_enable" declared implicitly
     pwm_enable(TIM1);
..\Application\main.c: 5 warnings, 4 errors
compiling motor.c...
compiling pwm.c...
compiling timer.c...
compiling gpio.c...
compiling misc.c...
compiling stm32f10x_gpio.c...
compiling stm32f10x_rcc.c...
compiling stm32f10x_tim.c...
compiling core_cm3.c...
compiling system_stm32f10x.c...
assembling startup_stm32f10x_md.s...
".\Release\project.axf" - 4 Error(s), 5 Warning(s).
Target not created
Error: Could not load file 'D:\Estudo\GitHub\curtisteamgit\Code\Projects_STM32\Moteurs_Test\MDK-ARM\Release\project.axf'. Debugger aborted !
