<html>
<body>
<pre>
<h1>µVision Build Log</h1>
<h2>Project:</h2>
C:\Users\Kévin\Google Drive\INSA\5A\Projet_SEC_UnderSoftware\Code_STM32\CurtisCar\Projects\SPI_Test\SPI_Test.uvproj
Project File Date:  11/16/2016

<h2>Output:</h2>
Build target 'NUCLEO-F103RB'
compiling main.c...
linking...
Program Size: Code=4328 RO-data=268 RW-data=56 ZI-data=1696  
".\Release\project.axf" - 0 Error(s), 0 Warning(s).
Load "C:\\Users\\Kévin\\Google Drive\\INSA\\5A\\Projet_SEC_UnderSoftware\\Code_STM32\\CurtisCar\\Projects\\SPI_Test\\Release\\project.axf" 
Erase Done.
Programming Done.
Verify OK.
Application running ...
</pre>
</body>
</html>
Drive\\INSA\\5A\\Projet_SEC_UnderSoftware\\Code_STM32\\CurtisCar\\Projects\\SPI_Test\\Release\\project.axf" 
Erase Done.
Programming Done.
Verify OK.
Application running ...
Release\\project.axf" 
Erase Done.
Programming Done.
Verify OK.
Application running ...
): error:  #20: identifier "GPIO_Mode_IN_UP" is undefined
     GPIO_InitStructure.GPIO_Mode = GPIO_Mode_IN_UP;
Application\main.c: 0 warnings, 1 error
"Application\main.c" - 1 Error(s), 0 Warning(s).
compiling main.c...
Application\main.c(80): error:  #20: identifier "GPIO_Mode_IN_IPU" is undefined
     GPIO_InitStructure.GPIO_Mode = GPIO_Mode_IN_IPU;
Application\main.c: 0 warnings, 1 error
"Application\main.c" - 1 Error(s), 0 Warning(s).
compiling main.c...
"Application\main.c" - 0 Error(s), 0 Warning(s).
Load "C:\\Users\\Kévin\\Google Drive\\INSA\\5A\\Projet_SEC_UnderSoftware\\Code_STM32\\CurtisCar\\Projects\\SPI_Test\\Release\\project.axf" 
_____^
*** error 56: cannot open file
Error: Flash Download failed  -  Could not load file 'C:\Users\Kévin\Google Drive\INSA\5A\Projet_SEC_UnderSoftware\Code_STM32\CurtisCar\Projects\SPI_Test\Release\project.axf'
