<html>
<body>
<pre>
<h1>µVision Build Log</h1>
<h2>Project:</h2>
C:\Users\Clément\Documents\Cours\ProjetCurtis\curtisteamgit\Code\Projects_STM32\MiseEnCommun\MDK-ARM\MiseEnCommun.uvproj
Project File Date:  12/14/2016

<h2>Output:</h2>
Rebuild target 'NUCLEO-F103RB'
compiling main.c...
compiling gpio.c...
compiling it_handlers.c...
compiling exti.c...
compiling nvic.c...
compiling systick.c...
compiling tim.c...
compiling adc.c...
compiling dma.c...
compiling spi.c...
compiling pwm.c...
compiling tim_ic.c...
compiling misc.c...
compiling stm32f10x_adc.c...
compiling stm32f10x_dma.c...
compiling stm32f10x_exti.c...
compiling stm32f10x_gpio.c...
compiling stm32f10x_rcc.c...
compiling stm32f10x_spi.c...
compiling stm32f10x_tim.c...
compiling core_cm3.c...
compiling system_stm32f10x.c...
assembling startup_stm32f10x_md.s...
linking...
Program Size: Code=19796 RO-data=268 RW-data=52 ZI-data=1636  
".\Release\project.axf" - 0 Error(s), 0 Warning(s).
..
compiling core_cm3.c...
".\Release\project.axf" - 1 Error(s), 0 Warning(s).
Project build/rebuild aborted.
=52 ZI-data=1636  
".\Release\project.axf" - 0 Error(s), 1 Warning(s).
