<html>
<body>
<pre>
<h1>µVision Build Log</h1>
<h2>Project:</h2>
C:\Users\Clément\Documents\Cours\ProjetCurtis\curtisteamgit\Code\Projects_STM32\MiseEnCommun\MDK-ARM\MiseEnCommun.uvproj
Project File Date:  12/12/2016

<h2>Output:</h2>
Build target 'NUCLEO-F103RB'
compiling adc.c...
linking...
Program Size: Code=18348 RO-data=268 RW-data=48 ZI-data=1632  
".\Release\project.axf" - 0 Error(s), 0 Warning(s).
h_Ex\adc.c: 1 warning, 0 errors
linking...
Program Size: Code=18348 RO-data=268 RW-data=48 ZI-data=1632  
".\Release\project.axf" - 0 Error(s), 1 Warning(s).
ithout a newline
  }
..\StdPeriph_Ex\spi.c: 1 warning, 0 errors
linking...
Program Size: Code=16692 RO-data=268 RW-data=48 ZI-data=1632  
".\Release\project.axf" - 0 Error(s), 2 Warning(s).
tly
     DMA_IRQ_HANDLER(1, 4)
..\StdPeriph_Ex\it_handlers.c(160): warning:  #223-D: function "DMA_Callbacks" declared implicitly
     DMA_IRQ_HANDLER(1, 5)
..\StdPeriph_Ex\it_handlers.c(169): warning:  #223-D: function "DMA_Callbacks" declared implicitly
     DMA_IRQ_HANDLER(1, 6)
..\StdPeriph_Ex\it_handlers.c(178): warning:  #223-D: function "DMA_Callbacks" declared implicitly
     DMA_IRQ_HANDLER(1, 7)
..\StdPeriph_Ex\it_handlers.c: 7 warnings, 0 errors
linking...
.\Release\project.axf: Error: L6218E: Undefined symbol DMA_Callbacks (referred from it_handlers.o).
Not enough information to list image symbols.
Finished: 1 information, 0 warning and 1 error messages.
".\Release\project.axf" - 1 Error(s), 7 Warning(s).
Target not created
