<html>
<body>
<pre>
<h1>µVision Build Log</h1>
<h2>Project:</h2>
C:\Users\Clément\Documents\Cours\ProjetCurtis\curtisteamgit\Code\Projects_STM32\MiseEnCommun\MDK-ARM\MiseEnCommun.uvproj
Project File Date:  12/14/2016

<h2>Output:</h2>
Build target 'NUCLEO-F103RB'
compiling tim.c...
compiling pwm.c...
linking...
Program Size: Code=18952 RO-data=268 RW-data=52 ZI-data=1636  
".\Release\project.axf" - 0 Error(s), 0 Warning(s).
</pre>
</body>
</html>
iph_Ex\pwm.c(52): error:  #20: identifier "channel" is undefined
     TIM_CCxNCmd (timer, channel,TIM_CCxN_Enable);
..\StdPeriph_Ex\pwm.c(54): error:  #20: identifier "remap" is undefined
     if(remap) {
..\StdPeriph_Ex\pwm.c(58): warning:  #223-D: function "GPIO_QuickInit" declared implicitly
           case TIM_Channel_1: GPIO_QuickInit(GPIOA, GPIO_Pin_7, PWM_GPIO_MODE); break;
..\StdPeriph_Ex\pwm.c(58): error:  #20: identifier "PWM_GPIO_MODE" is undefined
           case TIM_Channel_1: GPIO_QuickInit(GPIOA, GPIO_Pin_7, PWM_GPIO_MODE); break;
..\StdPeriph_Ex\pwm.c(65): warning:  #223-D: function "GPIO_QuickInit" declared implicitly
           case TIM_Channel_1: GPIO_QuickInit(GPIOB, GPIO_Pin_13, PWM_GPIO_MODE); break;
..\StdPeriph_Ex\pwm.c(65): error:  #20: identifier "PWM_GPIO_MODE" is undefined
           case TIM_Channel_1: GPIO_QuickInit(GPIOB, GPIO_Pin_13, PWM_GPIO_MODE); break;
..\StdPeriph_Ex\pwm.c: 2 warnings, 5 errors
".\Release\project.axf" - 5 Error(s), 2 Warning(s).
Target not created
