<html>
<body>
<pre>
<h1>µVision Build Log</h1>
<h2>Project:</h2>
C:\Users\Clément\Documents\Cours\ProjetCurtis\curtisteamgit\Code\Projects_STM32\MiseEnCommun\MDK-ARM\MiseEnCommun.uvproj
Project File Date:  12/17/2016

<h2>Output:</h2>
Build target 'NUCLEO-F103RB'
compiling main.c...
linking...
Program Size: Code=20444 RO-data=268 RW-data=56 ZI-data=1632  
".\Release\project.axf" - 0 Error(s), 0 Warning(s).
ion\main.c: 1 warning, 0 errors
linking...
Program Size: Code=20280 RO-data=268 RW-data=56 ZI-data=1632  
".\Release\project.axf" - 0 Error(s), 1 Warning(s).
