<html>
<body>
<pre>
<h1>µVision Build Log</h1>
<h2>Project:</h2>
C:\Users\Clément\Documents\Cours\ProjetCurtis\curtisteamgit\Code\Projects_STM32\MiseEnCommun\MDK-ARM\MiseEnCommun.uvproj
Project File Date:  12/09/2016

<h2>Output:</h2>
Build target 'NUCLEO-F103RB'
compiling exti.c...
linking...
Program Size: Code=1292 RO-data=268 RW-data=20 ZI-data=1636  
".\Release\project.axf" - 0 Error(s), 0 Warning(s).
 ZI-data=1636  
".\Release\project.axf" - 0 Error(s), 0 Warning(s).
c.c...
compiling stm32f10x_adc.c...
compiling stm32f10x_dma.c...
compiling stm32f10x_exti.c...
compiling stm32f10x_gpio.c...
compiling stm32f10x_rcc.c...
compiling stm32f10x_spi.c...
compiling stm32f10x_tim.c...
compiling core_cm3.c...
compiling system_stm32f10x.c...
assembling startup_stm32f10x_md.s...
linking...
Program Size: Code=1292 RO-data=268 RW-data=20 ZI-data=1636  
".\Release\project.axf" - 0 Error(s), 1 Warning(s).
