<html>
<body>
<pre>
<h1>µVision Build Log</h1>
<h2>Project:</h2>
C:\Users\Clément\Documents\Cours\ProjetCurtis\curtisteamgit\Code\Projects_STM32\MiseEnCommun\MDK-ARM\MiseEnCommun.uvproj
Project File Date:  12/12/2016

<h2>Output:</h2>
Build target 'NUCLEO-F103RB'
compiling dma.c...
compiling spi.c...
linking...
Program Size: Code=4444 RO-data=268 RW-data=48 ZI-data=1632  
".\Release\project.axf" - 0 Error(s), 0 Warning(s).
</pre>
</body>
</html>
IRQn, 1);
..\StdPeriph_Ex\systick.c: 1 warning, 0 errors
compiling tim.c...
compiling dma.c...
compiling spi.c...
assembling startup_stm32f10x_md.s...
linking...
Program Size: Code=4444 RO-data=268 RW-data=48 ZI-data=1632  
".\Release\project.axf" - 0 Error(s), 1 Warning(s).
