<html>
<body>
<pre>
<h1>µVision Build Log</h1>
<h2>Project:</h2>
D:\Documents\Etudes\INSA\5SEC-RDS_2016-2017\Projet_SEC\GitHub\curtisteamgit\Code\Projects_STM32\MiseEnCommun\MDK-ARM\MiseEnCommun.uvproj
Project File Date:  12/13/2016

<h2>Output:</h2>
Build target 'NUCLEO-F103RB'
compiling main.c...
compiling it_handlers.c...
compiling adc.c...
compiling dma.c...
compiling gpio.c...
compiling exti.c...
compiling nvic.c...
compiling spi.c...
compiling systick.c...
..\StdPeriph_Ex\systick.c(30): warning:  #68-D: integer conversion resulted in a change of sign
      NVIC_QuickInit(SysTick_IRQn, 1);
..\StdPeriph_Ex\systick.c: 1 warning, 0 errors
compiling tim.c...
compiling misc.c...
compiling stm32f10x_adc.c...
compiling stm32f10x_dma.c...
compiling stm32f10x_exti.c...
compiling stm32f10x_gpio.c...
compiling stm32f10x_rcc.c...
compiling stm32f10x_spi.c...
compiling stm32f10x_tim.c...
compiling core_cm3.c...
compiling system_stm32f10x.c...
assembling startup_stm32f10x_md.s...
linking...
Program Size: Code=4448 RO-data=268 RW-data=48 ZI-data=1632  
".\Release\project.axf" - 0 Error(s), 1 Warning(s).
</pre>
</body>
</html>
