<html>
<body>
<pre>
<h1>µVision Build Log</h1>
<h2>Project:</h2>
D:\Estudo\GitHub\curtisteamgit\Code\Projects_STM32\ultrasonic_test\MDK-ARM\Project_Template.uvproj
Project File Date:  12/11/2016

<h2>Output:</h2>
Rebuild target 'NUCLEO-F103RB'
compiling main.c...
compiling ultrasonic.c...
compiling stm32f10x_it.c...
compiling pwm.c...
compiling gpio.c...
compiling timer.c...
compiling capture.c...
compiling misc.c...
compiling stm32f10x_adc.c...
compiling stm32f10x_dma.c...
compiling stm32f10x_exti.c...
compiling stm32f10x_gpio.c...
compiling stm32f10x_rcc.c...
compiling stm32f10x_spi.c...
compiling stm32f10x_tim.c...
compiling core_cm3.c...
compiling system_stm32f10x.c...
assembling startup_stm32f10x_md.s...
linking...
Program Size: Code=13404 RO-data=268 RW-data=80 ZI-data=1632  
".\Release\project.axf" - 0 Error(s), 0 Warning(s).
Load "D:\\Estudo\\GitHub\\curtisteamgit\\Code\\Projects_STM32\\ultrasonic_test\\MDK-ARM\\Release\\project.axf" 
Erase Done.
Programming Done.
Verify OK.
Application running ...
