<html>
<body>
<pre>
<h1>µVision Build Log</h1>
<h2>Project:</h2>
D:\Estudo\GitHub\curtisteamgit\Code\Projects_STM32\ultrasonic_test\MDK-ARM\Project_Template.uvproj
Project File Date:  12/11/2016

<h2>Output:</h2>
Build target 'NUCLEO-F103RB'
linking...
Program Size: Code=14576 RO-data=268 RW-data=60 ZI-data=1828  
".\Release\project.axf" - 0 Error(s), 0 Warning(s).
</pre>
</body>
</html>

Load "D:\\Estudo\\GitHub\\curtisteamgit\\Code\\Projects_STM32\\ultrasonic_test\\MDK-ARM\\Release\\project.axf" 
Erase Done.
Programming Done.
Verify OK.
Application running ...
.axf" - 1 Error(s), 0 Warning(s).
Target not created
Load "D:\\Estudo\\GitHub\\curtisteamgit\\Code\\Projects_STM32\\ultrasonic_test\\MDK-ARM\\Release\\project.axf" 
_____^
*** error 56: cannot open file
Error: Flash Download failed  -  Could not load file 'D:\Estudo\GitHub\curtisteamgit\Code\Projects_STM32\ultrasonic_test\MDK-ARM\Release\project.axf'
ation, 0 warning and 5 error messages.
".\Release\project.axf" - 5 Error(s), 0 Warning(s).
Target not created
Load "D:\\Estudo\\GitHub\\curtisteamgit\\Code\\Projects_STM32\\ultrasonic_test\\MDK-ARM\\Release\\project.axf" 
_____^
*** error 56: cannot open file
Error: Flash Download failed  -  Could not load file 'D:\Estudo\GitHub\curtisteamgit\Code\Projects_STM32\ultrasonic_test\MDK-ARM\Release\project.axf'
