<html>
<body>
<pre>
<h1>µVision Build Log</h1>
<h2>Project:</h2>
C:\Users\user\Desktop\Curtis\curtisteamgit\Code\Projects_STM32\Demo_Sprint3 - Copie\MDK-ARM\Demo_Sprint2.uvproj
Project File Date:  12/12/2016

<h2>Output:</h2>
Rebuild target 'NUCLEO-F103RB'
compiling main.c...
compiling position_sensor.c...
compiling speed_sensor.c...
compiling car.c...
compiling uncompress.c...
compiling data.c...
compiling mirroring_st.c...
compiling motor.c...
compiling callbacks_services.c...
compiling hall_sensor.c...
compiling compress.c...
compiling adc.c...
compiling ultrasonic.c...
compiling stm32f10x_it.c...
compiling spicomm_st.c...
compiling framecheck.c...
compiling pwm.c...
compiling timer.c...
compiling exti.c...
compiling gpio.c...
compiling systick.c...
compiling capture.c...
compiling misc.c...
compiling stm32f10x_adc.c...
compiling stm32f10x_dma.c...
compiling stm32f10x_exti.c...
compiling stm32f10x_gpio.c...
compiling stm32f10x_rcc.c...
compiling stm32f10x_spi.c...
compiling stm32f10x_tim.c...
compiling core_cm3.c...
compiling system_stm32f10x.c...
assembling startup_stm32f10x_md.s...
linking...
Program Size: Code=21612 RO-data=268 RW-data=176 ZI-data=2816  
".\Release\project.axf" - 0 Error(s), 0 Warning(s).
Load "C:\\Users\\user\\Desktop\\Curtis\\curtisteamgit\\Code\\Projects_STM32\\Demo_Sprint3 - Copie\\MDK-ARM\\Release\\project.axf" 
Erase Done.
Programming Done.
Verify OK.
Application running ...
</pre>
</body>
</html>
